Archive member included to satisfy reference by file (symbol)

c:/program files (x86)/atmel/studio/7.0/toolchain/arm/arm-gnu-toolchain/bin/../lib/gcc/arm-none-eabi/6.3.1/thumb/v7e-m\libgcc.a(_aeabi_uldivmod.o)
                              src/oled/ssd1306.o (__aeabi_uldivmod)
c:/program files (x86)/atmel/studio/7.0/toolchain/arm/arm-gnu-toolchain/bin/../lib/gcc/arm-none-eabi/6.3.1/thumb/v7e-m\libgcc.a(_udivmoddi4.o)
                              c:/program files (x86)/atmel/studio/7.0/toolchain/arm/arm-gnu-toolchain/bin/../lib/gcc/arm-none-eabi/6.3.1/thumb/v7e-m\libgcc.a(_aeabi_uldivmod.o) (__udivmoddi4)
c:/program files (x86)/atmel/studio/7.0/toolchain/arm/arm-gnu-toolchain/bin/../lib/gcc/arm-none-eabi/6.3.1/thumb/v7e-m\libgcc.a(_dvmd_tls.o)
                              c:/program files (x86)/atmel/studio/7.0/toolchain/arm/arm-gnu-toolchain/bin/../lib/gcc/arm-none-eabi/6.3.1/thumb/v7e-m\libgcc.a(_aeabi_uldivmod.o) (__aeabi_ldiv0)
c:/program files (x86)/atmel/studio/7.0/toolchain/arm/arm-gnu-toolchain/bin/../lib/gcc/arm-none-eabi/6.3.1/../../../../arm-none-eabi/lib/thumb/v7e-m\libc.a(lib_a-exit.o)
                              c:/program files (x86)/atmel/studio/7.0/toolchain/arm/arm-gnu-toolchain/bin/../lib/gcc/arm-none-eabi/6.3.1/../../../../arm-none-eabi/lib/thumb/v7e-m/crt0.o (exit)
c:/program files (x86)/atmel/studio/7.0/toolchain/arm/arm-gnu-toolchain/bin/../lib/gcc/arm-none-eabi/6.3.1/../../../../arm-none-eabi/lib/thumb/v7e-m\libc.a(lib_a-impure.o)
                              c:/program files (x86)/atmel/studio/7.0/toolchain/arm/arm-gnu-toolchain/bin/../lib/gcc/arm-none-eabi/6.3.1/../../../../arm-none-eabi/lib/thumb/v7e-m\libc.a(lib_a-exit.o) (_global_impure_ptr)
c:/program files (x86)/atmel/studio/7.0/toolchain/arm/arm-gnu-toolchain/bin/../lib/gcc/arm-none-eabi/6.3.1/../../../../arm-none-eabi/lib/thumb/v7e-m\libc.a(lib_a-init.o)
                              c:/program files (x86)/atmel/studio/7.0/toolchain/arm/arm-gnu-toolchain/bin/../lib/gcc/arm-none-eabi/6.3.1/../../../../arm-none-eabi/lib/thumb/v7e-m/crt0.o (__libc_init_array)
c:/program files (x86)/atmel/studio/7.0/toolchain/arm/arm-gnu-toolchain/bin/../lib/gcc/arm-none-eabi/6.3.1/../../../../arm-none-eabi/lib/thumb/v7e-m\libc.a(lib_a-memset.o)
                              c:/program files (x86)/atmel/studio/7.0/toolchain/arm/arm-gnu-toolchain/bin/../lib/gcc/arm-none-eabi/6.3.1/../../../../arm-none-eabi/lib/thumb/v7e-m/crt0.o (memset)
c:/program files (x86)/atmel/studio/7.0/toolchain/arm/arm-gnu-toolchain/bin/../lib/gcc/arm-none-eabi/6.3.1/../../../../arm-none-eabi/lib/thumb/v7e-m\libc.a(lib_a-__call_atexit.o)
                              c:/program files (x86)/atmel/studio/7.0/toolchain/arm/arm-gnu-toolchain/bin/../lib/gcc/arm-none-eabi/6.3.1/../../../../arm-none-eabi/lib/thumb/v7e-m\libc.a(lib_a-exit.o) (__call_exitprocs)
c:/program files (x86)/atmel/studio/7.0/toolchain/arm/arm-gnu-toolchain/bin/../lib/gcc/arm-none-eabi/6.3.1/../../../../arm-none-eabi/lib/thumb/v7e-m\libc.a(lib_a-atexit.o)
                              c:/program files (x86)/atmel/studio/7.0/toolchain/arm/arm-gnu-toolchain/bin/../lib/gcc/arm-none-eabi/6.3.1/../../../../arm-none-eabi/lib/thumb/v7e-m\libc.a(lib_a-__call_atexit.o) (atexit)
c:/program files (x86)/atmel/studio/7.0/toolchain/arm/arm-gnu-toolchain/bin/../lib/gcc/arm-none-eabi/6.3.1/../../../../arm-none-eabi/lib/thumb/v7e-m\libc.a(lib_a-fini.o)
                              c:/program files (x86)/atmel/studio/7.0/toolchain/arm/arm-gnu-toolchain/bin/../lib/gcc/arm-none-eabi/6.3.1/../../../../arm-none-eabi/lib/thumb/v7e-m\libc.a(lib_a-__call_atexit.o) (__libc_fini_array)
c:/program files (x86)/atmel/studio/7.0/toolchain/arm/arm-gnu-toolchain/bin/../lib/gcc/arm-none-eabi/6.3.1/../../../../arm-none-eabi/lib/thumb/v7e-m\libc.a(lib_a-lock.o)
                              c:/program files (x86)/atmel/studio/7.0/toolchain/arm/arm-gnu-toolchain/bin/../lib/gcc/arm-none-eabi/6.3.1/../../../../arm-none-eabi/lib/thumb/v7e-m\libc.a(lib_a-__call_atexit.o) (__retarget_lock_acquire_recursive)
c:/program files (x86)/atmel/studio/7.0/toolchain/arm/arm-gnu-toolchain/bin/../lib/gcc/arm-none-eabi/6.3.1/../../../../arm-none-eabi/lib/thumb/v7e-m\libc.a(lib_a-__atexit.o)
                              c:/program files (x86)/atmel/studio/7.0/toolchain/arm/arm-gnu-toolchain/bin/../lib/gcc/arm-none-eabi/6.3.1/../../../../arm-none-eabi/lib/thumb/v7e-m\libc.a(lib_a-atexit.o) (__register_exitproc)

Allocating common symbols
Common symbol       size              file

__lock___atexit_recursive_mutex
                    0x1               c:/program files (x86)/atmel/studio/7.0/toolchain/arm/arm-gnu-toolchain/bin/../lib/gcc/arm-none-eabi/6.3.1/../../../../arm-none-eabi/lib/thumb/v7e-m\libc.a(lib_a-lock.o)
__lock___arc4random_mutex
                    0x1               c:/program files (x86)/atmel/studio/7.0/toolchain/arm/arm-gnu-toolchain/bin/../lib/gcc/arm-none-eabi/6.3.1/../../../../arm-none-eabi/lib/thumb/v7e-m\libc.a(lib_a-lock.o)
[...]
Memory Configuration

Name             Origin             Length             Attributes
rom              0x00400000         0x00200000         xr
ram              0x20400000         0x00060000         xrw
*default*        0x00000000         0xffffffff

Linker script and memory map

LOAD c:/program files (x86)/atmel/studio/7.0/toolchain/arm/arm-gnu-toolchain/bin/../lib/gcc/arm-none-eabi/6.3.1/thumb/v7e-m/crti.o
LOAD c:/program files (x86)/atmel/studio/7.0/toolchain/arm/arm-gnu-toolchain/bin/../lib/gcc/arm-none-eabi/6.3.1/thumb/v7e-m/crtbegin.o
LOAD c:/program files (x86)/atmel/studio/7.0/toolchain/arm/arm-gnu-toolchain/bin/../lib/gcc/arm-none-eabi/6.3.1/../../../../arm-none-eabi/lib/thumb/v7e-m/crt0.o
LOAD src/ASF/sam/drivers/rtc/rtc.o
LOAD src/ASF/sam/drivers/rtt/rtt.o
LOAD src/ASF/sam/drivers/spi/spi.o
LOAD src/ASF/sam/drivers/tc/tc.o
LOAD src/oled/gfx_mono_framebuffer.o
LOAD src/oled/gfx_mono_generic.o
LOAD src/oled/gfx_mono_text.o
LOAD src/oled/gfx_mono_ug_2832hsweg04.o
LOAD src/oled/ssd1306.o
LOAD src/oled/sysfont.o
LOAD src/ASF/common/services/delay/sam/cycle_counter.o
LOAD src/ASF/common/services/clock/same70/sysclk.o
LOAD src/ASF/common/utils/interrupt/interrupt_sam_nvic.o
LOAD src/ASF/sam/boards/same70_xplained/init.o
LOAD src/ASF/sam/drivers/mpu/mpu.o
LOAD src/ASF/sam/drivers/pio/pio.o
LOAD src/ASF/sam/drivers/pio/pio_handler.o
LOAD src/ASF/sam/drivers/pmc/pmc.o
LOAD src/ASF/sam/drivers/pmc/sleep.o
LOAD src/ASF/sam/utils/cmsis/same70/source/templates/gcc/startup_same70.o
LOAD src/ASF/sam/utils/cmsis/same70/source/templates/system_same70.o
LOAD src/ASF/sam/utils/syscalls/gcc/syscalls.o
LOAD src/main.o
START GROUP
LOAD ../src/ASF/thirdparty/CMSIS/Lib/GCC\libarm_cortexM7lfsp_math_softfp.a
LOAD c:/program files (x86)/atmel/studio/7.0/toolchain/arm/arm-gnu-toolchain/bin/../lib/gcc/arm-none-eabi/6.3.1/../../../../arm-none-eabi/lib/thumb/v7e-m\libm.a
END GROUP
START GROUP
LOAD c:/program files (x86)/atmel/studio/7.0/toolchain/arm/arm-gnu-toolchain/bin/../lib/gcc/arm-none-eabi/6.3.1/thumb/v7e-m\libgcc.a
LOAD c:/program files (x86)/atmel/studio/7.0/toolchain/arm/arm-gnu-toolchain/bin/../lib/gcc/arm-none-eabi/6.3.1/../../../../arm-none-eabi/lib/thumb/v7e-m\libc.a
END GROUP
LOAD c:/program files (x86)/atmel/studio/7.0/toolchain/arm/arm-gnu-toolchain/bin/../lib/gcc/arm-none-eabi/6.3.1/thumb/v7e-m/crtend.o
LOAD c:/program files (x86)/atmel/studio/7.0/toolchain/arm/arm-gnu-toolchain/bin/../lib/gcc/arm-none-eabi/6.3.1/thumb/v7e-m/crtn.o
                0x00002000                STACK_SIZE = DEFINED (STACK_SIZE)?STACK_SIZE:0x2000
                0x2045fffc                __ram_end__ = ((ORIGIN (ram) + LENGTH (ram)) - 0x4)
                0x00000200                HEAP_SIZE = DEFINED (HEAP_SIZE)?HEAP_SIZE:0x200

.text           0x00400000     0x44b4
                0x00400000                . = ALIGN (0x4)
                0x00400000                _sfixed = .
 *(.vectors .vectors.*)
 .vectors       0x00400000      0x140 src/ASF/sam/utils/cmsis/same70/source/templates/gcc/startup_same70.o
                0x00400000                exception_table
 *(.text .text.* .gnu.linkonce.t.*)
 .text          0x00400140       0x6c c:/program files (x86)/atmel/studio/7.0/toolchain/arm/arm-gnu-toolchain/bin/../lib/gcc/arm-none-eabi/6.3.1/thumb/v7e-m/crtbegin.o
 .text.rtc_get_status
                0x004001ac       0x18 src/ASF/sam/drivers/rtc/rtc.o
                0x004001ac                rtc_get_status
 .text.rtc_clear_status
                0x004001c4       0x1c src/ASF/sam/drivers/rtc/rtc.o
                0x004001c4                rtc_clear_status
 .text.rtt_init
                0x004001e0       0x30 src/ASF/sam/drivers/rtt/rtt.o
                0x004001e0                rtt_init
 .text.rtt_sel_source
                0x00400210       0x58 src/ASF/sam/drivers/rtt/rtt.o
                0x00400210                rtt_sel_source
 .text.rtt_enable_interrupt
                0x00400268       0x38 src/ASF/sam/drivers/rtt/rtt.o
                0x00400268                rtt_enable_interrupt
 .text.rtt_disable_interrupt
                0x004002a0       0x40 src/ASF/sam/drivers/rtt/rtt.o
                0x004002a0                rtt_disable_interrupt
 .text.rtt_read_timer_value
                0x004002e0       0x2e src/ASF/sam/drivers/rtt/rtt.o
                0x004002e0                rtt_read_timer_value
 .text.rtt_get_status
                0x0040030e       0x18 src/ASF/sam/drivers/rtt/rtt.o
                0x0040030e                rtt_get_status
 *fill*         0x00400326        0x2 
 .text.rtt_write_alarm_time
                0x00400328       0x5c src/ASF/sam/drivers/rtt/rtt.o
                0x00400328                rtt_write_alarm_time
 .text.spi_get_peripheral_select_mode
                0x00400384       0x26 src/ASF/sam/drivers/spi/spi.o
 *fill*         0x004003aa        0x2 
 .text.sysclk_enable_peripheral_clock
                0x004003ac       0x1c src/ASF/sam/drivers/spi/spi.o
 .text.spi_enable_clock
                0x004003c8       0x3c src/ASF/sam/drivers/spi/spi.o
                0x004003c8                spi_enable_clock
 .text.spi_set_peripheral_chip_select_value
                0x00400404       0x34 src/ASF/sam/drivers/spi/spi.o
                0x00400404                spi_set_peripheral_chip_select_value
 .text.spi_write
                0x00400438       0x80 src/ASF/sam/drivers/spi/spi.o
                0x00400438                spi_write
 .text.spi_set_clock_polarity
                0x004004b8       0x50 src/ASF/sam/drivers/spi/spi.o
                0x004004b8                spi_set_clock_polarity
 .text.spi_set_clock_phase
                0x00400508       0x50 src/ASF/sam/drivers/spi/spi.o
                0x00400508                spi_set_clock_phase
 .text.spi_configure_cs_behavior
                0x00400558       0xa6 src/ASF/sam/drivers/spi/spi.o
                0x00400558                spi_configure_cs_behavior
 .text.spi_set_bits_per_transfer
                0x004005fe       0x4a src/ASF/sam/drivers/spi/spi.o
                0x004005fe                spi_set_bits_per_transfer
 .text.spi_calc_baudrate_div
                0x00400648       0x3c src/ASF/sam/drivers/spi/spi.o
                0x00400648                spi_calc_baudrate_div
 .text.spi_set_baudrate_div
                0x00400684       0x5e src/ASF/sam/drivers/spi/spi.o
                0x00400684                spi_set_baudrate_div
 *fill*         0x004006e2        0x2 
 .text.gfx_mono_set_framebuffer
                0x004006e4       0x20 src/oled/gfx_mono_framebuffer.o
                0x004006e4                gfx_mono_set_framebuffer
 .text.gfx_mono_framebuffer_put_byte
                0x00400704       0x38 src/oled/gfx_mono_framebuffer.o
                0x00400704                gfx_mono_framebuffer_put_byte
 .text.gfx_mono_framebuffer_get_byte
                0x0040073c       0x34 src/oled/gfx_mono_framebuffer.o
                0x0040073c                gfx_mono_framebuffer_get_byte
 .text.gfx_mono_generic_draw_horizontal_line
                0x00400770      0x130 src/oled/gfx_mono_generic.o
                0x00400770                gfx_mono_generic_draw_horizontal_line
 .text.gfx_mono_generic_draw_filled_rect
                0x004008a0       0x50 src/oled/gfx_mono_generic.o
                0x004008a0                gfx_mono_generic_draw_filled_rect
 .text.gfx_mono_draw_char_progmem
                0x004008f0       0xe0 src/oled/gfx_mono_text.o
 .text.gfx_mono_draw_char
                0x004009d0       0x54 src/oled/gfx_mono_text.o
                0x004009d0                gfx_mono_draw_char
 .text.gfx_mono_draw_string
                0x00400a24       0x6c src/oled/gfx_mono_text.o
                0x00400a24                gfx_mono_draw_string
 .text.ssd1306_set_page_address
                0x00400a90       0x2c src/oled/gfx_mono_ug_2832hsweg04.o
 .text.ssd1306_set_column_address
                0x00400abc       0x40 src/oled/gfx_mono_ug_2832hsweg04.o
 .text.ssd1306_set_display_start_line_address
                0x00400afc       0x2c src/oled/gfx_mono_ug_2832hsweg04.o
 .text.gfx_mono_ssd1306_init
                0x00400b28       0x64 src/oled/gfx_mono_ug_2832hsweg04.o
                0x00400b28                gfx_mono_ssd1306_init
 .text.gfx_mono_ssd1306_draw_pixel
                0x00400b8c       0x9c src/oled/gfx_mono_ug_2832hsweg04.o
                0x00400b8c                gfx_mono_ssd1306_draw_pixel
 .text.gfx_mono_ssd1306_put_byte
                0x00400c28       0x84 src/oled/gfx_mono_ug_2832hsweg04.o
                0x00400c28                gfx_mono_ssd1306_put_byte
 .text.gfx_mono_ssd1306_get_byte
                0x00400cac       0x2c src/oled/gfx_mono_ug_2832hsweg04.o
                0x00400cac                gfx_mono_ssd1306_get_byte
 .text.osc_get_rate
                0x00400cd8       0x74 src/oled/ssd1306.o
 .text.sysclk_get_main_hz
                0x00400d4c       0x20 src/oled/ssd1306.o
 .text.sysclk_get_cpu_hz
                0x00400d6c       0x14 src/oled/ssd1306.o
 .text.sysclk_get_peripheral_hz
                0x00400d80       0x14 src/oled/ssd1306.o
 .text.ioport_enable_pin
                0x00400d94       0x4c src/oled/ssd1306.o
 .text.ioport_set_pin_mode
                0x00400de0      0x11c src/oled/ssd1306.o
 .text.ioport_set_pin_dir
                0x00400efc       0x88 src/oled/ssd1306.o
 .text.ioport_set_pin_level
                0x00400f84       0x6c src/oled/ssd1306.o
 .text.spi_reset
                0x00400ff0       0x1a src/oled/ssd1306.o
 .text.spi_enable
                0x0040100a       0x1a src/oled/ssd1306.o
 .text.spi_disable
                0x00401024       0x1a src/oled/ssd1306.o
 .text.spi_set_master_mode
                0x0040103e       0x20 src/oled/ssd1306.o
 .text.spi_set_fixed_peripheral_select
                0x0040105e       0x20 src/oled/ssd1306.o
 .text.spi_disable_mode_fault_detect
                0x0040107e       0x20 src/oled/ssd1306.o
 .text.spi_disable_loopback
                0x0040109e       0x20 src/oled/ssd1306.o
 *fill*         0x004010be        0x2 
 .text.ssd1306_hard_reset
                0x004010c0       0x54 src/oled/ssd1306.o
 .text.ssd1306_display_on
                0x00401114       0x14 src/oled/ssd1306.o
 .text.ssd1306_set_contrast
                0x00401128       0x28 src/oled/ssd1306.o
 .text.ssd1306_display_invert_disable
                0x00401150       0x14 src/oled/ssd1306.o
 .text.ssd1306_interface_init
                0x00401164      0x180 src/oled/ssd1306.o
 .text.ssd1306_init
                0x004012e4       0xb0 src/oled/ssd1306.o
                0x004012e4                ssd1306_init
 .text.ssd1306_write_command
                0x00401394       0xa4 src/oled/ssd1306.o
                0x00401394                ssd1306_write_command
 .text.ssd1306_write_data
                0x00401438       0xa4 src/oled/ssd1306.o
                0x00401438                ssd1306_write_data
 .text.osc_enable
                0x004014dc       0x88 src/ASF/common/services/clock/same70/sysclk.o
 .text.osc_is_ready
                0x00401564       0x70 src/ASF/common/services/clock/same70/sysclk.o
 .text.osc_get_rate
                0x004015d4       0x74 src/ASF/common/services/clock/same70/sysclk.o
 .text.osc_wait_ready
                0x00401648       0x2c src/ASF/common/services/clock/same70/sysclk.o
 .text.pll_config_init
                0x00401674       0x6c src/ASF/common/services/clock/same70/sysclk.o
 .text.pll_enable
                0x004016e0       0x40 src/ASF/common/services/clock/same70/sysclk.o
 .text.pll_is_locked
                0x00401720       0x2c src/ASF/common/services/clock/same70/sysclk.o
 .text.pll_enable_source
                0x0040174c       0x38 src/ASF/common/services/clock/same70/sysclk.o
 .text.pll_wait_for_lock
                0x00401784       0x24 src/ASF/common/services/clock/same70/sysclk.o
 .text.sysclk_get_main_hz
                0x004017a8       0x20 src/ASF/common/services/clock/same70/sysclk.o
 .text.sysclk_get_cpu_hz
                0x004017c8       0x14 src/ASF/common/services/clock/same70/sysclk.o
 .text.sysclk_init
                0x004017dc       0x7c src/ASF/common/services/clock/same70/sysclk.o
                0x004017dc                sysclk_init
 .text.SCB_EnableICache
                0x00401858       0x38 src/ASF/sam/boards/same70_xplained/init.o
 .text.SCB_EnableDCache
                0x00401890       0xa4 src/ASF/sam/boards/same70_xplained/init.o
 .text.sysclk_enable_peripheral_clock
                0x00401934       0x1c src/ASF/sam/boards/same70_xplained/init.o
 .text.ioport_init
                0x00401950       0x2c src/ASF/sam/boards/same70_xplained/init.o
 .text.ioport_set_pin_mode
                0x0040197c      0x11c src/ASF/sam/boards/same70_xplained/init.o
 .text.ioport_set_pin_dir
                0x00401a98       0x88 src/ASF/sam/boards/same70_xplained/init.o
 .text.ioport_set_pin_level
                0x00401b20       0x6c src/ASF/sam/boards/same70_xplained/init.o
 .text.ioport_set_pin_sense_mode
                0x00401b8c       0xd0 src/ASF/sam/boards/same70_xplained/init.o
 .text.tcm_disable
                0x00401c5c       0x44 src/ASF/sam/boards/same70_xplained/init.o
 .text.board_init
                0x00401ca0       0x84 src/ASF/sam/boards/same70_xplained/init.o
                0x00401ca0                board_init
 .text.pio_pull_up
                0x00401d24       0x2c src/ASF/sam/drivers/pio/pio.o
                0x00401d24                pio_pull_up
 .text.pio_set  0x00401d50       0x1c src/ASF/sam/drivers/pio/pio.o
                0x00401d50                pio_set
 .text.pio_clear
                0x00401d6c       0x1c src/ASF/sam/drivers/pio/pio.o
                0x00401d6c                pio_clear
 .text.pio_set_peripheral
                0x00401d88      0x110 src/ASF/sam/drivers/pio/pio.o
                0x00401d88                pio_set_peripheral
 .text.pio_set_input
                0x00401e98       0x80 src/ASF/sam/drivers/pio/pio.o
                0x00401e98                pio_set_input
 .text.pio_set_output
                0x00401f18       0x64 src/ASF/sam/drivers/pio/pio.o
                0x00401f18                pio_set_output
 .text.pio_configure
                0x00401f7c       0xcc src/ASF/sam/drivers/pio/pio.o
                0x00401f7c                pio_configure
 .text.pio_get_output_data_status
                0x00402048       0x28 src/ASF/sam/drivers/pio/pio.o
                0x00402048                pio_get_output_data_status
 .text.pio_configure_interrupt
                0x00402070       0x6c src/ASF/sam/drivers/pio/pio.o
                0x00402070                pio_configure_interrupt
 .text.pio_enable_interrupt
                0x004020dc       0x1c src/ASF/sam/drivers/pio/pio.o
                0x004020dc                pio_enable_interrupt
 .text.pio_disable_interrupt
                0x004020f8       0x1c src/ASF/sam/drivers/pio/pio.o
                0x004020f8                pio_disable_interrupt
 .text.pio_get_interrupt_status
                0x00402114       0x18 src/ASF/sam/drivers/pio/pio.o
                0x00402114                pio_get_interrupt_status
 .text.pio_get_interrupt_mask
                0x0040212c       0x18 src/ASF/sam/drivers/pio/pio.o
                0x0040212c                pio_get_interrupt_mask
 .text.pio_handler_process
                0x00402144       0xb4 src/ASF/sam/drivers/pio/pio_handler.o
                0x00402144                pio_handler_process
 .text.pio_handler_set
                0x004021f8       0xa0 src/ASF/sam/drivers/pio/pio_handler.o
                0x004021f8                pio_handler_set
 .text.PIOA_Handler
                0x00402298       0x18 src/ASF/sam/drivers/pio/pio_handler.o
                0x00402298                PIOA_Handler
 .text.PIOB_Handler
                0x004022b0       0x18 src/ASF/sam/drivers/pio/pio_handler.o
                0x004022b0                PIOB_Handler
 .text.PIOC_Handler
                0x004022c8       0x18 src/ASF/sam/drivers/pio/pio_handler.o
                0x004022c8                PIOC_Handler
 .text.PIOD_Handler
                0x004022e0       0x18 src/ASF/sam/drivers/pio/pio_handler.o
                0x004022e0                PIOD_Handler
 .text.PIOE_Handler
                0x004022f8       0x18 src/ASF/sam/drivers/pio/pio_handler.o
                0x004022f8                PIOE_Handler
 .text.pmc_mck_set_division
                0x00402310       0x7c src/ASF/sam/drivers/pmc/pmc.o
                0x00402310                pmc_mck_set_division
 .text.pmc_switch_mck_to_pllack
                0x0040238c       0x84 src/ASF/sam/drivers/pmc/pmc.o
                0x0040238c                pmc_switch_mck_to_pllack
 .text.pmc_switch_sclk_to_32kxtal
                0x00402410       0x38 src/ASF/sam/drivers/pmc/pmc.o
                0x00402410                pmc_switch_sclk_to_32kxtal
 .text.pmc_osc_is_ready_32kxtal
                0x00402448       0x34 src/ASF/sam/drivers/pmc/pmc.o
                0x00402448                pmc_osc_is_ready_32kxtal
 .text.pmc_switch_mainck_to_fastrc
                0x0040247c       0x70 src/ASF/sam/drivers/pmc/pmc.o
                0x0040247c                pmc_switch_mainck_to_fastrc
 .text.pmc_switch_mainck_to_xtal
                0x004024ec       0x78 src/ASF/sam/drivers/pmc/pmc.o
                0x004024ec                pmc_switch_mainck_to_xtal
 .text.pmc_osc_is_ready_mainck
                0x00402564       0x1c src/ASF/sam/drivers/pmc/pmc.o
                0x00402564                pmc_osc_is_ready_mainck
 .text.pmc_disable_pllack
                0x00402580       0x1c src/ASF/sam/drivers/pmc/pmc.o
                0x00402580                pmc_disable_pllack
 .text.pmc_is_locked_pllack
                0x0040259c       0x1c src/ASF/sam/drivers/pmc/pmc.o
                0x0040259c                pmc_is_locked_pllack
 .text.pmc_is_locked_upll
                0x004025b8       0x1c src/ASF/sam/drivers/pmc/pmc.o
                0x004025b8                pmc_is_locked_upll
 .text.pmc_enable_periph_clk
                0x004025d4       0x84 src/ASF/sam/drivers/pmc/pmc.o
                0x004025d4                pmc_enable_periph_clk
 .text.pmc_set_flash_in_wait_mode
                0x00402658       0x20 src/ASF/sam/drivers/pmc/pmc.o
                0x00402658                pmc_set_flash_in_wait_mode
 .text.pmc_enable_waitmode
                0x00402678       0x90 src/ASF/sam/drivers/pmc/pmc.o
                0x00402678                pmc_enable_waitmode
 .text.pmc_sleep
                0x00402708      0x398 src/ASF/sam/drivers/pmc/sleep.o
                0x00402708                pmc_sleep
 .text.cpu_irq_save
                0x00402aa0       0x38 src/ASF/sam/utils/cmsis/same70/source/templates/gcc/startup_same70.o
 .text.cpu_irq_is_enabled_flags
                0x00402ad8       0x20 src/ASF/sam/utils/cmsis/same70/source/templates/gcc/startup_same70.o
 .text.cpu_irq_restore
                0x00402af8       0x30 src/ASF/sam/utils/cmsis/same70/source/templates/gcc/startup_same70.o
 .text.Reset_Handler
                0x00402b28       0xb0 src/ASF/sam/utils/cmsis/same70/source/templates/gcc/startup_same70.o
                0x00402b28                Reset_Handler
 .text.Dummy_Handler
                0x00402bd8        0x6 src/ASF/sam/utils/cmsis/same70/source/templates/gcc/startup_same70.o
                0x00402bd8                DACC_Handler
                0x00402bd8                DebugMon_Handler
                0x00402bd8                UART3_Handler
                0x00402bd8                UART2_Handler
                0x00402bd8                TRNG_Handler
                0x00402bd8                HardFault_Handler
                0x00402bd8                TC2_Handler
                0x00402bd8                SysTick_Handler
                0x00402bd8                AFEC1_Handler
                0x00402bd8                PendSV_Handler
                0x00402bd8                NMI_Handler
                0x00402bd8                TC7_Handler
                0x00402bd8                QSPI_Handler
                0x00402bd8                ISI_Handler
                0x00402bd8                TC9_Handler
                0x00402bd8                RSWDT_Handler
                0x00402bd8                MCAN1_Handler
                0x00402bd8                USART0_Handler
                0x00402bd8                USBHS_Handler
                0x00402bd8                UsageFault_Handler
                0x00402bd8                TC6_Handler
                0x00402bd8                WDT_Handler
                0x00402bd8                TC4_Handler
                0x00402bd8                TC1_Handler
                0x00402bd8                HSMCI_Handler
                0x00402bd8                UART1_Handler
                0x00402bd8                TC3_Handler
                0x00402bd8                Dummy_Handler
                0x00402bd8                TWIHS1_Handler
                0x00402bd8                XDMAC_Handler
                0x00402bd8                UART4_Handler
                0x00402bd8                PWM1_Handler
                0x00402bd8                USART1_Handler
                0x00402bd8                PWM0_Handler
                0x00402bd8                AFEC0_Handler
                0x00402bd8                TC11_Handler
                0x00402bd8                SSC_Handler
                0x00402bd8                ACC_Handler
                0x00402bd8                PMC_Handler
                0x00402bd8                GMAC_Handler
                0x00402bd8                MemManage_Handler
                0x00402bd8                SUPC_Handler
                0x00402bd8                SVC_Handler
                0x00402bd8                TC8_Handler
                0x00402bd8                EFC_Handler
                0x00402bd8                USART2_Handler
                0x00402bd8                SDRAMC_Handler
                0x00402bd8                SPI1_Handler
                0x00402bd8                MCAN0_Handler
                0x00402bd8                TC10_Handler
                0x00402bd8                TWIHS2_Handler
                0x00402bd8                UART0_Handler
                0x00402bd8                BusFault_Handler
                0x00402bd8                RSTC_Handler
                0x00402bd8                TC0_Handler
                0x00402bd8                TC5_Handler
                0x00402bd8                AES_Handler
                0x00402bd8                ICM_Handler
                0x00402bd8                TWIHS0_Handler
                0x00402bd8                SPI0_Handler
 *fill*         0x00402bde        0x2 
 .text.SystemCoreClockUpdate
                0x00402be0      0x168 src/ASF/sam/utils/cmsis/same70/source/templates/system_same70.o
                0x00402be0                SystemCoreClockUpdate
 .text.system_init_flash
                0x00402d48       0xb0 src/ASF/sam/utils/cmsis/same70/source/templates/system_same70.o
                0x00402d48                system_init_flash
 .text.NVIC_EnableIRQ
                0x00402df8       0x34 src/main.o
 .text.NVIC_DisableIRQ
                0x00402e2c       0x34 src/main.o
 .text.NVIC_ClearPendingIRQ
                0x00402e60       0x34 src/main.o
 .text.NVIC_SetPriority
                0x00402e94       0x54 src/main.o
 .text.pin_toggle
                0x00402ee8       0x40 src/main.o
                0x00402ee8                pin_toggle
 .text.RTT_init
                0x00402f28       0xd8 src/main.o
 .text.RTC_Handler
                0x00403000       0x68 src/main.o
                0x00403000                RTC_Handler
 .text.but1_callback
                0x00403068       0x18 src/main.o
                0x00403068                but1_callback
 .text.but2_callback
                0x00403080       0x18 src/main.o
                0x00403080                but2_callback
 .text.but3_callback
                0x00403098       0x18 src/main.o
                0x00403098                but3_callback
 .text.RTT_Handler
                0x004030b0       0x64 src/main.o
                0x004030b0                RTT_Handler
 .text.verifica_senhas
                0x00403114       0xe0 src/main.o
                0x00403114                verifica_senhas
 .text.desenha_asterisco
                0x004031f4       0xa4 src/main.o
                0x004031f4                desenha_asterisco
 .text.io_init  0x00403298      0x158 src/main.o
                0x00403298                io_init
 .text.main     0x004033f0      0x158 src/main.o
                0x004033f0                main
 .text          0x00403548       0x30 c:/program files (x86)/atmel/studio/7.0/toolchain/arm/arm-gnu-toolchain/bin/../lib/gcc/arm-none-eabi/6.3.1/thumb/v7e-m\libgcc.a(_aeabi_uldivmod.o)
                0x00403548                __aeabi_uldivmod
 .text          0x00403578      0x2dc c:/program files (x86)/atmel/studio/7.0/toolchain/arm/arm-gnu-toolchain/bin/../lib/gcc/arm-none-eabi/6.3.1/thumb/v7e-m\libgcc.a(_udivmoddi4.o)
                0x00403578                __udivmoddi4
 .text          0x00403854        0x4 c:/program files (x86)/atmel/studio/7.0/toolchain/arm/arm-gnu-toolchain/bin/../lib/gcc/arm-none-eabi/6.3.1/thumb/v7e-m\libgcc.a(_dvmd_tls.o)
                0x00403854                __aeabi_idiv0
                0x00403854                __aeabi_ldiv0
 .text.__libc_init_array
                0x00403858       0x50 c:/program files (x86)/atmel/studio/7.0/toolchain/arm/arm-gnu-toolchain/bin/../lib/gcc/arm-none-eabi/6.3.1/../../../../arm-none-eabi/lib/thumb/v7e-m\libc.a(lib_a-init.o)
                0x00403858                __libc_init_array
 .text.startup.register_fini
                0x004038a8       0x14 c:/program files (x86)/atmel/studio/7.0/toolchain/arm/arm-gnu-toolchain/bin/../lib/gcc/arm-none-eabi/6.3.1/../../../../arm-none-eabi/lib/thumb/v7e-m\libc.a(lib_a-__call_atexit.o)
 .text.atexit   0x004038bc        0xc c:/program files (x86)/atmel/studio/7.0/toolchain/arm/arm-gnu-toolchain/bin/../lib/gcc/arm-none-eabi/6.3.1/../../../../arm-none-eabi/lib/thumb/v7e-m\libc.a(lib_a-atexit.o)
                0x004038bc                atexit
 .text.__libc_fini_array
                0x004038c8       0x34 c:/program files (x86)/atmel/studio/7.0/toolchain/arm/arm-gnu-toolchain/bin/../lib/gcc/arm-none-eabi/6.3.1/../../../../arm-none-eabi/lib/thumb/v7e-m\libc.a(lib_a-fini.o)
                0x004038c8                __libc_fini_array
 .text.__retarget_lock_acquire_recursive
                0x004038fc        0x4 c:/program files (x86)/atmel/studio/7.0/toolchain/arm/arm-gnu-toolchain/bin/../lib/gcc/arm-none-eabi/6.3.1/../../../../arm-none-eabi/lib/thumb/v7e-m\libc.a(lib_a-lock.o)
                0x004038fc                __retarget_lock_acquire_recursive
 .text.__retarget_lock_release_recursive
                0x00403900        0x4 c:/program files (x86)/atmel/studio/7.0/toolchain/arm/arm-gnu-toolchain/bin/../lib/gcc/arm-none-eabi/6.3.1/../../../../arm-none-eabi/lib/thumb/v7e-m\libc.a(lib_a-lock.o)
                0x00403900                __retarget_lock_release_recursive
 .text.__register_exitproc
                0x00403904       0xc4 c:/program files (x86)/atmel/studio/7.0/toolchain/arm/arm-gnu-toolchain/bin/../lib/gcc/arm-none-eabi/6.3.1/../../../../arm-none-eabi/lib/thumb/v7e-m\libc.a(lib_a-__atexit.o)
                0x00403904                __register_exitproc
 *(.glue_7t)
 .glue_7t       0x004039c8        0x0 linker stubs
 *(.glue_7)
 .glue_7        0x004039c8        0x0 linker stubs
 *(.rodata .rodata* .gnu.linkonce.r.*)
 .rodata.sysfont_glyphs
                0x004039c8      0xa48 src/oled/sysfont.o
 .rodata        0x00404410       0x79 src/main.o
 *fill*         0x00404489        0x3 
 .rodata._global_impure_ptr
                0x0040448c        0x4 c:/program files (x86)/atmel/studio/7.0/toolchain/arm/arm-gnu-toolchain/bin/../lib/gcc/arm-none-eabi/6.3.1/../../../../arm-none-eabi/lib/thumb/v7e-m\libc.a(lib_a-impure.o)
                0x0040448c                _global_impure_ptr
 *(.ARM.extab* .gnu.linkonce.armextab.*)
                0x00404490                . = ALIGN (0x4)
 *(.init)
 .init          0x00404490        0x4 c:/program files (x86)/atmel/studio/7.0/toolchain/arm/arm-gnu-toolchain/bin/../lib/gcc/arm-none-eabi/6.3.1/thumb/v7e-m/crti.o
                0x00404490                _init
 .init          0x00404494        0x8 c:/program files (x86)/atmel/studio/7.0/toolchain/arm/arm-gnu-toolchain/bin/../lib/gcc/arm-none-eabi/6.3.1/thumb/v7e-m/crtn.o
                0x0040449c                . = ALIGN (0x4)
                0x0040449c                __preinit_array_start = .
 *(.preinit_array)
                0x0040449c                __preinit_array_end = .
                0x0040449c                . = ALIGN (0x4)
                0x0040449c                __init_array_start = .
 *(SORT(.init_array.*))
 .init_array.00000
                0x0040449c        0x4 c:/program files (x86)/atmel/studio/7.0/toolchain/arm/arm-gnu-toolchain/bin/../lib/gcc/arm-none-eabi/6.3.1/../../../../arm-none-eabi/lib/thumb/v7e-m\libc.a(lib_a-__call_atexit.o)
 *(.init_array)
 .init_array    0x004044a0        0x4 c:/program files (x86)/atmel/studio/7.0/toolchain/arm/arm-gnu-toolchain/bin/../lib/gcc/arm-none-eabi/6.3.1/thumb/v7e-m/crtbegin.o
                0x004044a4                __init_array_end = .
                0x004044a4                . = ALIGN (0x4)
 *crtbegin.o(.ctors)
 *(EXCLUDE_FILE(*crtend.o) .ctors)
 *(SORT(.ctors.*))
 *crtend.o(.ctors)
                0x004044a4                . = ALIGN (0x4)
 *(.fini)
 .fini          0x004044a4        0x4 c:/program files (x86)/atmel/studio/7.0/toolchain/arm/arm-gnu-toolchain/bin/../lib/gcc/arm-none-eabi/6.3.1/thumb/v7e-m/crti.o
                0x004044a4                _fini
 .fini          0x004044a8        0x8 c:/program files (x86)/atmel/studio/7.0/toolchain/arm/arm-gnu-toolchain/bin/../lib/gcc/arm-none-eabi/6.3.1/thumb/v7e-m/crtn.o
                0x004044b0                . = ALIGN (0x4)
                0x004044b0                __fini_array_start = .
 *(.fini_array)
 .fini_array    0x004044b0        0x4 c:/program files (x86)/atmel/studio/7.0/toolchain/arm/arm-gnu-toolchain/bin/../lib/gcc/arm-none-eabi/6.3.1/thumb/v7e-m/crtbegin.o
 *(SORT(.fini_array.*))
                0x004044b4                __fini_array_end = .
 *crtbegin.o(.dtors)
 *(EXCLUDE_FILE(*crtend.o) .dtors)
 *(SORT(.dtors.*))
 *crtend.o(.dtors)
                0x004044b4                . = ALIGN (0x4)
                0x004044b4                _efixed = .
                [!provide]                PROVIDE (__exidx_start, .)

.vfp11_veneer   0x004044b4        0x0
 .vfp11_veneer  0x004044b4        0x0 linker stubs

.v4_bx          0x004044b4        0x0
 .v4_bx         0x004044b4        0x0 linker stubs

.iplt           0x004044b4        0x0
 .iplt          0x004044b4        0x0 c:/program files (x86)/atmel/studio/7.0/toolchain/arm/arm-gnu-toolchain/bin/../lib/gcc/arm-none-eabi/6.3.1/thumb/v7e-m/crtbegin.o

.ARM.exidx      0x004044b4        0x8
 *(.ARM.exidx* .gnu.linkonce.armexidx.*)
 .ARM.exidx     0x004044b4        0x8 c:/program files (x86)/atmel/studio/7.0/toolchain/arm/arm-gnu-toolchain/bin/../lib/gcc/arm-none-eabi/6.3.1/thumb/v7e-m\libgcc.a(_udivmoddi4.o)
                [!provide]                PROVIDE (__exidx_end, .)

.eh_frame       0x004044bc        0x0
 .eh_frame      0x004044bc        0x0 c:/program files (x86)/atmel/studio/7.0/toolchain/arm/arm-gnu-toolchain/bin/../lib/gcc/arm-none-eabi/6.3.1/thumb/v7e-m/crtbegin.o

.rel.dyn        0x004044bc        0x0
 .rel.iplt      0x004044bc        0x0 c:/program files (x86)/atmel/studio/7.0/toolchain/arm/arm-gnu-toolchain/bin/../lib/gcc/arm-none-eabi/6.3.1/thumb/v7e-m/crtbegin.o

.jcr            0x004044bc        0x0
 .jcr           0x004044bc        0x0 c:/program files (x86)/atmel/studio/7.0/toolchain/arm/arm-gnu-toolchain/bin/../lib/gcc/arm-none-eabi/6.3.1/thumb/v7e-m/crtbegin.o

.igot.plt       0x004044bc        0x0
 .igot.plt      0x004044bc        0x0 c:/program files (x86)/atmel/studio/7.0/toolchain/arm/arm-gnu-toolchain/bin/../lib/gcc/arm-none-eabi/6.3.1/thumb/v7e-m/crtbegin.o
                0x004044bc                . = ALIGN (0x4)
                0x004044bc                _etext = .

.relocate       0x20400000      0x464 load address 0x004044bc
                0x20400000                . = ALIGN (0x4)
                0x20400000                _srelocate = .
 *(.ramfunc .ramfunc.*)
 .ramfunc       0x20400000        0xa src/ASF/common/services/delay/sam/cycle_counter.o
                0x20400000                portable_delay_cycles
 *(.data .data.*)
 *fill*         0x2040000a        0x2 
 .data.sysfont  0x2040000c        0xc src/oled/sysfont.o
                0x2040000c                sysfont
 .data.g_interrupt_enabled
                0x20400018        0x1 src/ASF/common/utils/interrupt/interrupt_sam_nvic.o
                0x20400018                g_interrupt_enabled
 *fill*         0x20400019        0x3 
 .data.ul_flash_in_wait_mode
                0x2040001c        0x4 src/ASF/sam/drivers/pmc/pmc.o
 .data.SystemCoreClock
                0x20400020        0x4 src/ASF/sam/utils/cmsis/same70/source/templates/system_same70.o
                0x20400020                SystemCoreClock
 .data.gabarito
                0x20400024       0x10 src/main.o
                0x20400024                gabarito
 *fill*         0x20400034        0x4 
 .data.impure_data
                0x20400038      0x428 c:/program files (x86)/atmel/studio/7.0/toolchain/arm/arm-gnu-toolchain/bin/../lib/gcc/arm-none-eabi/6.3.1/../../../../arm-none-eabi/lib/thumb/v7e-m\libc.a(lib_a-impure.o)
 .data.__atexit_recursive_mutex
                0x20400460        0x4 c:/program files (x86)/atmel/studio/7.0/toolchain/arm/arm-gnu-toolchain/bin/../lib/gcc/arm-none-eabi/6.3.1/../../../../arm-none-eabi/lib/thumb/v7e-m\libc.a(lib_a-__call_atexit.o)
                0x20400460                __atexit_recursive_mutex
                0x20400464                . = ALIGN (0x4)
                0x20400464                _erelocate = .

.bss            0x20400464      0x2e0 load address 0x00404920
                0x20400464                . = ALIGN (0x4)
                0x20400464                _sbss = .
                0x20400464                _szero = .
 *(.bss .bss.*)
 .bss           0x20400464       0x1c c:/program files (x86)/atmel/studio/7.0/toolchain/arm/arm-gnu-toolchain/bin/../lib/gcc/arm-none-eabi/6.3.1/thumb/v7e-m/crtbegin.o
 .bss.g_wobits_in_rtt_mr
                0x20400480        0x4 src/ASF/sam/drivers/rtt/rtt.o
 .bss.fbpointer
                0x20400484        0x4 src/oled/gfx_mono_framebuffer.o
 .bss.framebuffer
                0x20400488      0x200 src/oled/gfx_mono_ug_2832hsweg04.o
 .bss.gs_interrupt_sources
                0x20400688       0x70 src/ASF/sam/drivers/pio/pio_handler.o
 .bss.gs_ul_nb_sources
                0x204006f8        0x4 src/ASF/sam/drivers/pio/pio_handler.o
 .bss.b_is_sleep_clock_used
                0x204006fc        0x1 src/ASF/sam/drivers/pmc/sleep.o
 *fill*         0x204006fd        0x3 
 .bss.callback_clocks_restored
                0x20400700        0x4 src/ASF/sam/drivers/pmc/sleep.o
 .bss.flag_rtc_alarm
                0x20400704        0x1 src/main.o
                0x20400704                flag_rtc_alarm
 .bss.flag_but1
                0x20400705        0x1 src/main.o
                0x20400705                flag_but1
 .bss.flag_but2
                0x20400706        0x1 src/main.o
                0x20400706                flag_but2
 .bss.flag_but3
                0x20400707        0x1 src/main.o
                0x20400707                flag_but3
 .bss.rtt_flag  0x20400708        0x1 src/main.o
                0x20400708                rtt_flag
 .bss.cofre_aberto
                0x20400709        0x1 src/main.o
                0x20400709                cofre_aberto
 *fill*         0x2040070a        0x2 
 .bss.senha     0x2040070c       0x10 src/main.o
                0x2040070c                senha
 .bss.contador  0x2040071c        0x4 src/main.o
                0x2040071c                contador
 *(COMMON)
 COMMON         0x20400720       0x21 c:/program files (x86)/atmel/studio/7.0/toolchain/arm/arm-gnu-toolchain/bin/../lib/gcc/arm-none-eabi/6.3.1/../../../../arm-none-eabi/lib/thumb/v7e-m\libc.a(lib_a-lock.o)
                0x20400720                __lock___atexit_recursive_mutex
                0x20400724                __lock___arc4random_mutex
                0x20400728                __lock___env_recursive_mutex
                0x2040072c                __lock___sinit_recursive_mutex
                0x20400730                __lock___malloc_recursive_mutex
                0x20400734                __lock___at_quick_exit_mutex
                0x20400738                __lock___dd_hash_mutex
                0x2040073c                __lock___tz_mutex
                0x20400740                __lock___sfp_recursive_mutex
                0x20400744                . = ALIGN (0x4)
 *fill*         0x20400741        0x3 
                0x20400744                _ebss = .
                0x20400744                _ezero = .

.stack          0x20400744     0x2004 load address 0x00404c00
                0x20400748                . = ALIGN (0x8)
 *fill*         0x20400744        0x4 
                0x20400748                _sstack = .
                0x20402748                . = (. + STACK_SIZE)
 *fill*         0x20400748     0x2000 
                0x20402748                . = ALIGN (0x8)
                0x20402748                _estack = .

.heap           0x20402748      0x200 load address 0x00406c04
                0x20402748                . = ALIGN (0x8)
                0x20402748                _sheap = .
                0x20402948                . = (. + HEAP_SIZE)
 *fill*         0x20402748      0x200 
                0x20402948                . = ALIGN (0x8)
                0x20402948                _eheap = .
                0x20402948                . = ALIGN (0x4)
                0x20402948                _end = .
                0x2045ffff                _ram_end_ = ((ORIGIN (ram) + LENGTH (ram)) - 0x1)
OUTPUT(OLED1.elf elf32-littlearm)

.ARM.attributes
                0x00000000       0x2e
 .ARM.attributes
                0x00000000       0x1e c:/program files (x86)/atmel/studio/7.0/toolchain/arm/arm-gnu-toolchain/bin/../lib/gcc/arm-none-eabi/6.3.1/thumb/v7e-m/crti.o
 .ARM.attributes
                0x0000001e       0x2e c:/program files (x86)/atmel/studio/7.0/toolchain/arm/arm-gnu-toolchain/bin/../lib/gcc/arm-none-eabi/6.3.1/thumb/v7e-m/crtbegin.o
 .ARM.attributes
                0x0000004c       0x37 src/ASF/sam/drivers/rtc/rtc.o
 .ARM.attributes
                0x00000083       0x37 src/ASF/sam/drivers/rtt/rtt.o
 .ARM.attributes
                0x000000ba       0x37 src/ASF/sam/drivers/spi/spi.o
 .ARM.attributes
                0x000000f1       0x37 src/oled/gfx_mono_framebuffer.o
 .ARM.attributes
                0x00000128       0x37 src/oled/gfx_mono_generic.o
 .ARM.attributes
                0x0000015f       0x37 src/oled/gfx_mono_text.o
 .ARM.attributes
                0x00000196       0x37 src/oled/gfx_mono_ug_2832hsweg04.o
 .ARM.attributes
                0x000001cd       0x37 src/oled/ssd1306.o
 .ARM.attributes
                0x00000204       0x37 src/oled/sysfont.o
 .ARM.attributes
                0x0000023b       0x37 src/ASF/common/services/delay/sam/cycle_counter.o
 .ARM.attributes
                0x00000272       0x37 src/ASF/common/services/clock/same70/sysclk.o
 .ARM.attributes
                0x000002a9       0x37 src/ASF/common/utils/interrupt/interrupt_sam_nvic.o
 .ARM.attributes
                0x000002e0       0x37 src/ASF/sam/boards/same70_xplained/init.o
 .ARM.attributes
                0x00000317       0x37 src/ASF/sam/drivers/pio/pio.o
 .ARM.attributes
                0x0000034e       0x37 src/ASF/sam/drivers/pio/pio_handler.o
 .ARM.attributes
                0x00000385       0x37 src/ASF/sam/drivers/pmc/pmc.o
 .ARM.attributes
                0x000003bc       0x37 src/ASF/sam/drivers/pmc/sleep.o
 .ARM.attributes
                0x000003f3       0x37 src/ASF/sam/utils/cmsis/same70/source/templates/gcc/startup_same70.o
 .ARM.attributes
                0x0000042a       0x37 src/ASF/sam/utils/cmsis/same70/source/templates/system_same70.o
 .ARM.attributes
                0x00000461       0x37 src/main.o
 .ARM.attributes
                0x00000498       0x1e c:/program files (x86)/atmel/studio/7.0/toolchain/arm/arm-gnu-toolchain/bin/../lib/gcc/arm-none-eabi/6.3.1/thumb/v7e-m\libgcc.a(_aeabi_uldivmod.o)
 .ARM.attributes
                0x000004b6       0x2e c:/program files (x86)/atmel/studio/7.0/toolchain/arm/arm-gnu-toolchain/bin/../lib/gcc/arm-none-eabi/6.3.1/thumb/v7e-m\libgcc.a(_udivmoddi4.o)
 .ARM.attributes
                0x000004e4       0x1e c:/program files (x86)/atmel/studio/7.0/toolchain/arm/arm-gnu-toolchain/bin/../lib/gcc/arm-none-eabi/6.3.1/thumb/v7e-m\libgcc.a(_dvmd_tls.o)
 .ARM.attributes
                0x00000502       0x2e c:/program files (x86)/atmel/studio/7.0/toolchain/arm/arm-gnu-toolchain/bin/../lib/gcc/arm-none-eabi/6.3.1/../../../../arm-none-eabi/lib/thumb/v7e-m\libc.a(lib_a-impure.o)
 .ARM.attributes
                0x00000530       0x2e c:/program files (x86)/atmel/studio/7.0/toolchain/arm/arm-gnu-toolchain/bin/../lib/gcc/arm-none-eabi/6.3.1/../../../../arm-none-eabi/lib/thumb/v7e-m\libc.a(lib_a-init.o)
 .ARM.attributes
                0x0000055e       0x2e c:/program files (x86)/atmel/studio/7.0/toolchain/arm/arm-gnu-toolchain/bin/../lib/gcc/arm-none-eabi/6.3.1/../../../../arm-none-eabi/lib/thumb/v7e-m\libc.a(lib_a-__call_atexit.o)
 .ARM.attributes
                0x0000058c       0x2e c:/program files (x86)/atmel/studio/7.0/toolchain/arm/arm-gnu-toolchain/bin/../lib/gcc/arm-none-eabi/6.3.1/../../../../arm-none-eabi/lib/thumb/v7e-m\libc.a(lib_a-atexit.o)
 .ARM.attributes
                0x000005ba       0x2e c:/program files (x86)/atmel/studio/7.0/toolchain/arm/arm-gnu-toolchain/bin/../lib/gcc/arm-none-eabi/6.3.1/../../../../arm-none-eabi/lib/thumb/v7e-m\libc.a(lib_a-fini.o)
 .ARM.attributes
                0x000005e8       0x2e c:/program files (x86)/atmel/studio/7.0/toolchain/arm/arm-gnu-toolchain/bin/../lib/gcc/arm-none-eabi/6.3.1/../../../../arm-none-eabi/lib/thumb/v7e-m\libc.a(lib_a-lock.o)
 .ARM.attributes
                0x00000616       0x2e c:/program files (x86)/atmel/studio/7.0/toolchain/arm/arm-gnu-toolchain/bin/../lib/gcc/arm-none-eabi/6.3.1/../../../../arm-none-eabi/lib/thumb/v7e-m\libc.a(lib_a-__atexit.o)
 .ARM.attributes
                0x00000644       0x1e c:/program files (x86)/atmel/studio/7.0/toolchain/arm/arm-gnu-toolchain/bin/../lib/gcc/arm-none-eabi/6.3.1/thumb/v7e-m/crtn.o

.comment        0x00000000       0x59
 .comment       0x00000000       0x59 src/ASF/sam/drivers/rtc/rtc.o
                                 0x5a (size before relaxing)
 .comment       0x00000059       0x5a src/ASF/sam/drivers/rtt/rtt.o
 .comment       0x00000059       0x5a src/ASF/sam/drivers/spi/spi.o
 .comment       0x00000059       0x5a src/oled/gfx_mono_framebuffer.o
 .comment       0x00000059       0x5a src/oled/gfx_mono_generic.o
 .comment       0x00000059       0x5a src/oled/gfx_mono_text.o
 .comment       0x00000059       0x5a src/oled/gfx_mono_ug_2832hsweg04.o
 .comment       0x00000059       0x5a src/oled/ssd1306.o
 .comment       0x00000059       0x5a src/oled/sysfont.o
 .comment       0x00000059       0x5a src/ASF/common/services/delay/sam/cycle_counter.o
 .comment       0x00000059       0x5a src/ASF/common/services/clock/same70/sysclk.o
 .comment       0x00000059       0x5a src/ASF/common/utils/interrupt/interrupt_sam_nvic.o
 .comment       0x00000059       0x5a src/ASF/sam/boards/same70_xplained/init.o
 .comment       0x00000059       0x5a src/ASF/sam/drivers/pio/pio.o
 .comment       0x00000059       0x5a src/ASF/sam/drivers/pio/pio_handler.o
 .comment       0x00000059       0x5a src/ASF/sam/drivers/pmc/pmc.o
 .comment       0x00000059       0x5a src/ASF/sam/drivers/pmc/sleep.o
 .comment       0x00000059       0x5a src/ASF/sam/utils/cmsis/same70/source/templates/gcc/startup_same70.o
 .comment       0x00000059       0x5a src/ASF/sam/utils/cmsis/same70/source/templates/system_same70.o
 .comment       0x00000059       0x5a src/main.o

.debug_info     0x00000000    0x18248
 .debug_info    0x00000000     0x10e8 src/ASF/sam/drivers/rtc/rtc.o
 .debug_info    0x000010e8      0xcaf src/ASF/sam/drivers/rtt/rtt.o
 .debug_info    0x00001d97     0x10ff src/ASF/sam/drivers/spi/spi.o
 .debug_info    0x00002e96      0xd75 src/oled/gfx_mono_framebuffer.o
 .debug_info    0x00003c0b     0x114a src/oled/gfx_mono_generic.o
 .debug_info    0x00004d55      0xeb8 src/oled/gfx_mono_text.o
 .debug_info    0x00005c0d      0xf32 src/oled/gfx_mono_ug_2832hsweg04.o
 .debug_info    0x00006b3f     0x1c29 src/oled/ssd1306.o
 .debug_info    0x00008768      0xb06 src/oled/sysfont.o
 .debug_info    0x0000926e      0xa45 src/ASF/common/services/delay/sam/cycle_counter.o
 .debug_info    0x00009cb3     0x12d4 src/ASF/common/services/clock/same70/sysclk.o
 .debug_info    0x0000af87      0xb06 src/ASF/common/utils/interrupt/interrupt_sam_nvic.o
 .debug_info    0x0000ba8d     0x1c75 src/ASF/sam/boards/same70_xplained/init.o
 .debug_info    0x0000d702     0x1cbf src/ASF/sam/drivers/pio/pio.o
 .debug_info    0x0000f3c1     0x1a18 src/ASF/sam/drivers/pio/pio_handler.o
 .debug_info    0x00010dd9     0x1df9 src/ASF/sam/drivers/pmc/pmc.o
 .debug_info    0x00012bd2     0x1635 src/ASF/sam/drivers/pmc/sleep.o
 .debug_info    0x00014207     0x157c src/ASF/sam/utils/cmsis/same70/source/templates/gcc/startup_same70.o
 .debug_info    0x00015783      0x55f src/ASF/sam/utils/cmsis/same70/source/templates/system_same70.o
 .debug_info    0x00015ce2     0x2566 src/main.o

.debug_abbrev   0x00000000     0x32e4
 .debug_abbrev  0x00000000      0x24a src/ASF/sam/drivers/rtc/rtc.o
 .debug_abbrev  0x0000024a      0x203 src/ASF/sam/drivers/rtt/rtt.o
 .debug_abbrev  0x0000044d      0x2c2 src/ASF/sam/drivers/spi/spi.o
 .debug_abbrev  0x0000070f      0x217 src/oled/gfx_mono_framebuffer.o
 .debug_abbrev  0x00000926      0x26b src/oled/gfx_mono_generic.o
 .debug_abbrev  0x00000b91      0x281 src/oled/gfx_mono_text.o
 .debug_abbrev  0x00000e12      0x2b6 src/oled/gfx_mono_ug_2832hsweg04.o
 .debug_abbrev  0x000010c8      0x3de src/oled/ssd1306.o
 .debug_abbrev  0x000014a6      0x1b6 src/oled/sysfont.o
 .debug_abbrev  0x0000165c      0x1b3 src/ASF/common/services/delay/sam/cycle_counter.o
 .debug_abbrev  0x0000180f      0x296 src/ASF/common/services/clock/same70/sysclk.o
 .debug_abbrev  0x00001aa5      0x214 src/ASF/common/utils/interrupt/interrupt_sam_nvic.o
 .debug_abbrev  0x00001cb9      0x3eb src/ASF/sam/boards/same70_xplained/init.o
 .debug_abbrev  0x000020a4      0x296 src/ASF/sam/drivers/pio/pio.o
 .debug_abbrev  0x0000233a      0x2c9 src/ASF/sam/drivers/pio/pio_handler.o
 .debug_abbrev  0x00002603      0x2c5 src/ASF/sam/drivers/pmc/pmc.o
 .debug_abbrev  0x000028c8      0x2df src/ASF/sam/drivers/pmc/sleep.o
 .debug_abbrev  0x00002ba7      0x2e8 src/ASF/sam/utils/cmsis/same70/source/templates/gcc/startup_same70.o
 .debug_abbrev  0x00002e8f      0x102 src/ASF/sam/utils/cmsis/same70/source/templates/system_same70.o
 .debug_abbrev  0x00002f91      0x353 src/main.o

.debug_loc      0x00000000     0x60e6
 .debug_loc     0x00000000      0x730 src/ASF/sam/drivers/rtc/rtc.o
 .debug_loc     0x00000730      0x330 src/ASF/sam/drivers/rtt/rtt.o
 .debug_loc     0x00000a60      0x630 src/ASF/sam/drivers/spi/spi.o
 .debug_loc     0x00001090      0x2bc src/oled/gfx_mono_framebuffer.o
 .debug_loc     0x0000134c      0x280 src/oled/gfx_mono_generic.o
 .debug_loc     0x000015cc      0x1f8 src/oled/gfx_mono_text.o
 .debug_loc     0x000017c4      0x3c0 src/oled/gfx_mono_ug_2832hsweg04.o
 .debug_loc     0x00001b84      0x6e8 src/oled/ssd1306.o
 .debug_loc     0x0000226c      0x4a0 src/ASF/common/services/clock/same70/sysclk.o
 .debug_loc     0x0000270c       0xa0 src/ASF/common/utils/interrupt/interrupt_sam_nvic.o
 .debug_loc     0x000027ac      0x2fc src/ASF/sam/boards/same70_xplained/init.o
 .debug_loc     0x00002aa8     0x1174 src/ASF/sam/drivers/pio/pio.o
 .debug_loc     0x00003c1c      0x38c src/ASF/sam/drivers/pio/pio_handler.o
 .debug_loc     0x00003fa8     0x172c src/ASF/sam/drivers/pmc/pmc.o
 .debug_loc     0x000056d4       0xe6 src/ASF/sam/drivers/pmc/sleep.o
 .debug_loc     0x000057ba      0x16c src/ASF/sam/utils/cmsis/same70/source/templates/gcc/startup_same70.o
 .debug_loc     0x00005926       0xe4 src/ASF/sam/utils/cmsis/same70/source/templates/system_same70.o
 .debug_loc     0x00005a0a      0x6dc src/main.o

.debug_aranges  0x00000000      0xb48
 .debug_aranges
                0x00000000       0xb8 src/ASF/sam/drivers/rtc/rtc.o
 .debug_aranges
                0x000000b8       0x60 src/ASF/sam/drivers/rtt/rtt.o
 .debug_aranges
                0x00000118       0xa8 src/ASF/sam/drivers/spi/spi.o
 .debug_aranges
                0x000001c0       0x58 src/oled/gfx_mono_framebuffer.o
 .debug_aranges
                0x00000218       0x58 src/oled/gfx_mono_generic.o
 .debug_aranges
                0x00000270       0x48 src/oled/gfx_mono_text.o
 .debug_aranges
                0x000002b8       0x78 src/oled/gfx_mono_ug_2832hsweg04.o
 .debug_aranges
                0x00000330       0xd0 src/oled/ssd1306.o
 .debug_aranges
                0x00000400       0x18 src/oled/sysfont.o
 .debug_aranges
                0x00000418       0x20 src/ASF/common/services/delay/sam/cycle_counter.o
 .debug_aranges
                0x00000438       0x98 src/ASF/common/services/clock/same70/sysclk.o
 .debug_aranges
                0x000004d0       0x28 src/ASF/common/utils/interrupt/interrupt_sam_nvic.o
 .debug_aranges
                0x000004f8       0x68 src/ASF/sam/boards/same70_xplained/init.o
 .debug_aranges
                0x00000560      0x1a8 src/ASF/sam/drivers/pio/pio.o
 .debug_aranges
                0x00000708       0x80 src/ASF/sam/drivers/pio/pio_handler.o
 .debug_aranges
                0x00000788      0x250 src/ASF/sam/drivers/pmc/pmc.o
 .debug_aranges
                0x000009d8       0x30 src/ASF/sam/drivers/pmc/sleep.o
 .debug_aranges
                0x00000a08       0x40 src/ASF/sam/utils/cmsis/same70/source/templates/gcc/startup_same70.o
 .debug_aranges
                0x00000a48       0x30 src/ASF/sam/utils/cmsis/same70/source/templates/system_same70.o
 .debug_aranges
                0x00000a78       0xd0 src/main.o

.debug_ranges   0x00000000      0xac0
 .debug_ranges  0x00000000       0xa8 src/ASF/sam/drivers/rtc/rtc.o
 .debug_ranges  0x000000a8       0x50 src/ASF/sam/drivers/rtt/rtt.o
 .debug_ranges  0x000000f8       0x98 src/ASF/sam/drivers/spi/spi.o
 .debug_ranges  0x00000190       0x48 src/oled/gfx_mono_framebuffer.o
 .debug_ranges  0x000001d8       0x48 src/oled/gfx_mono_generic.o
 .debug_ranges  0x00000220       0x38 src/oled/gfx_mono_text.o
 .debug_ranges  0x00000258       0x68 src/oled/gfx_mono_ug_2832hsweg04.o
 .debug_ranges  0x000002c0      0x108 src/oled/ssd1306.o
 .debug_ranges  0x000003c8       0x10 src/ASF/common/services/delay/sam/cycle_counter.o
 .debug_ranges  0x000003d8       0x88 src/ASF/common/services/clock/same70/sysclk.o
 .debug_ranges  0x00000460       0x18 src/ASF/common/utils/interrupt/interrupt_sam_nvic.o
 .debug_ranges  0x00000478       0xd0 src/ASF/sam/boards/same70_xplained/init.o
 .debug_ranges  0x00000548      0x198 src/ASF/sam/drivers/pio/pio.o
 .debug_ranges  0x000006e0       0x70 src/ASF/sam/drivers/pio/pio_handler.o
 .debug_ranges  0x00000750      0x240 src/ASF/sam/drivers/pmc/pmc.o
 .debug_ranges  0x00000990       0x20 src/ASF/sam/drivers/pmc/sleep.o
 .debug_ranges  0x000009b0       0x30 src/ASF/sam/utils/cmsis/same70/source/templates/gcc/startup_same70.o
 .debug_ranges  0x000009e0       0x20 src/ASF/sam/utils/cmsis/same70/source/templates/system_same70.o
 .debug_ranges  0x00000a00       0xc0 src/main.o

.debug_macro    0x00000000    0x21829
 .debug_macro   0x00000000      0x678 src/ASF/sam/drivers/rtc/rtc.o
 .debug_macro   0x00000678      0x8ce src/ASF/sam/drivers/rtc/rtc.o
 .debug_macro   0x00000f46      0x16d src/ASF/sam/drivers/rtc/rtc.o
 .debug_macro   0x000010b3      0x64b src/ASF/sam/drivers/rtc/rtc.o
 .debug_macro   0x000016fe       0x76 src/ASF/sam/drivers/rtc/rtc.o
 .debug_macro   0x00001774       0x16 src/ASF/sam/drivers/rtc/rtc.o
 .debug_macro   0x0000178a      0x6e4 src/ASF/sam/drivers/rtc/rtc.o
 .debug_macro   0x00001e6e       0x22 src/ASF/sam/drivers/rtc/rtc.o
 .debug_macro   0x00001e90       0x87 src/ASF/sam/drivers/rtc/rtc.o
 .debug_macro   0x00001f17       0x51 src/ASF/sam/drivers/rtc/rtc.o
 .debug_macro   0x00001f68       0xef src/ASF/sam/drivers/rtc/rtc.o
 .debug_macro   0x00002057       0x6a src/ASF/sam/drivers/rtc/rtc.o
 .debug_macro   0x000020c1      0x1df src/ASF/sam/drivers/rtc/rtc.o
 .debug_macro   0x000022a0       0x4a src/ASF/sam/drivers/rtc/rtc.o
 .debug_macro   0x000022ea       0x3b src/ASF/sam/drivers/rtc/rtc.o
 .debug_macro   0x00002325       0x2d src/ASF/sam/drivers/rtc/rtc.o
 .debug_macro   0x00002352       0x26 src/ASF/sam/drivers/rtc/rtc.o
 .debug_macro   0x00002378      0xf9a src/ASF/sam/drivers/rtc/rtc.o
 .debug_macro   0x00003312      0x175 src/ASF/sam/drivers/rtc/rtc.o
 .debug_macro   0x00003487      0x257 src/ASF/sam/drivers/rtc/rtc.o
 .debug_macro   0x000036de      0xa0f src/ASF/sam/drivers/rtc/rtc.o
 .debug_macro   0x000040ed      0x1b9 src/ASF/sam/drivers/rtc/rtc.o
 .debug_macro   0x000042a6      0x336 src/ASF/sam/drivers/rtc/rtc.o
 .debug_macro   0x000045dc      0x15b src/ASF/sam/drivers/rtc/rtc.o
 .debug_macro   0x00004737     0x1851 src/ASF/sam/drivers/rtc/rtc.o
 .debug_macro   0x00005f88       0x1c src/ASF/sam/drivers/rtc/rtc.o
 .debug_macro   0x00005fa4      0x68d src/ASF/sam/drivers/rtc/rtc.o
 .debug_macro   0x00006631      0x31e src/ASF/sam/drivers/rtc/rtc.o
 .debug_macro   0x0000694f      0x4d4 src/ASF/sam/drivers/rtc/rtc.o
 .debug_macro   0x00006e23      0x56e src/ASF/sam/drivers/rtc/rtc.o
 .debug_macro   0x00007391     0x1332 src/ASF/sam/drivers/rtc/rtc.o
 .debug_macro   0x000086c3     0x278d src/ASF/sam/drivers/rtc/rtc.o
 .debug_macro   0x0000ae50     0x102b src/ASF/sam/drivers/rtc/rtc.o
 .debug_macro   0x0000be7b      0xe01 src/ASF/sam/drivers/rtc/rtc.o
 .debug_macro   0x0000cc7c      0x3b1 src/ASF/sam/drivers/rtc/rtc.o
 .debug_macro   0x0000d02d       0xa0 src/ASF/sam/drivers/rtc/rtc.o
 .debug_macro   0x0000d0cd       0x76 src/ASF/sam/drivers/rtc/rtc.o
 .debug_macro   0x0000d143      0x409 src/ASF/sam/drivers/rtc/rtc.o
 .debug_macro   0x0000d54c       0x64 src/ASF/sam/drivers/rtc/rtc.o
 .debug_macro   0x0000d5b0      0x284 src/ASF/sam/drivers/rtc/rtc.o
 .debug_macro   0x0000d834      0x1d0 src/ASF/sam/drivers/rtc/rtc.o
 .debug_macro   0x0000da04      0x248 src/ASF/sam/drivers/rtc/rtc.o
 .debug_macro   0x0000dc4c      0x524 src/ASF/sam/drivers/rtc/rtc.o
 .debug_macro   0x0000e170      0x63b src/ASF/sam/drivers/rtc/rtc.o
 .debug_macro   0x0000e7ab      0x6b8 src/ASF/sam/drivers/rtc/rtc.o
 .debug_macro   0x0000ee63       0x4c src/ASF/sam/drivers/rtc/rtc.o
 .debug_macro   0x0000eeaf      0x468 src/ASF/sam/drivers/rtc/rtc.o
 .debug_macro   0x0000f317      0x207 src/ASF/sam/drivers/rtc/rtc.o
 .debug_macro   0x0000f51e      0x866 src/ASF/sam/drivers/rtc/rtc.o
 .debug_macro   0x0000fd84     0x1547 src/ASF/sam/drivers/rtc/rtc.o
 .debug_macro   0x000112cb       0x40 src/ASF/sam/drivers/rtc/rtc.o
 .debug_macro   0x0001130b       0x76 src/ASF/sam/drivers/rtc/rtc.o
 .debug_macro   0x00011381      0xdaf src/ASF/sam/drivers/rtc/rtc.o
 .debug_macro   0x00012130       0x82 src/ASF/sam/drivers/rtc/rtc.o
 .debug_macro   0x000121b2       0x76 src/ASF/sam/drivers/rtc/rtc.o
 .debug_macro   0x00012228       0x4c src/ASF/sam/drivers/rtc/rtc.o
 .debug_macro   0x00012274      0x135 src/ASF/sam/drivers/rtc/rtc.o
 .debug_macro   0x000123a9      0x135 src/ASF/sam/drivers/rtc/rtc.o
 .debug_macro   0x000124de      0x135 src/ASF/sam/drivers/rtc/rtc.o
 .debug_macro   0x00012613       0x6a src/ASF/sam/drivers/rtc/rtc.o
 .debug_macro   0x0001267d       0x6a src/ASF/sam/drivers/rtc/rtc.o
 .debug_macro   0x000126e7      0x313 src/ASF/sam/drivers/rtc/rtc.o
 .debug_macro   0x000129fa       0xb2 src/ASF/sam/drivers/rtc/rtc.o
 .debug_macro   0x00012aac       0xb2 src/ASF/sam/drivers/rtc/rtc.o
 .debug_macro   0x00012b5e       0xb2 src/ASF/sam/drivers/rtc/rtc.o
 .debug_macro   0x00012c10      0x11d src/ASF/sam/drivers/rtc/rtc.o
 .debug_macro   0x00012d2d      0x11d src/ASF/sam/drivers/rtc/rtc.o
 .debug_macro   0x00012e4a      0x2cd src/ASF/sam/drivers/rtc/rtc.o
 .debug_macro   0x00013117       0xb8 src/ASF/sam/drivers/rtc/rtc.o
 .debug_macro   0x000131cf       0x5e src/ASF/sam/drivers/rtc/rtc.o
 .debug_macro   0x0001322d       0x40 src/ASF/sam/drivers/rtc/rtc.o
 .debug_macro   0x0001326d       0x4c src/ASF/sam/drivers/rtc/rtc.o
 .debug_macro   0x000132b9       0xa0 src/ASF/sam/drivers/rtc/rtc.o
 .debug_macro   0x00013359      0x494 src/ASF/sam/drivers/rtc/rtc.o
 .debug_macro   0x000137ed      0x135 src/ASF/sam/drivers/rtc/rtc.o
 .debug_macro   0x00013922       0x4c src/ASF/sam/drivers/rtc/rtc.o
 .debug_macro   0x0001396e      0x313 src/ASF/sam/drivers/rtc/rtc.o
 .debug_macro   0x00013c81       0x6a src/ASF/sam/drivers/rtc/rtc.o
 .debug_macro   0x00013ceb       0xb8 src/ASF/sam/drivers/rtc/rtc.o
 .debug_macro   0x00013da3       0x6a src/ASF/sam/drivers/rtc/rtc.o
 .debug_macro   0x00013e0d       0x2e src/ASF/sam/drivers/rtc/rtc.o
 .debug_macro   0x00013e3b      0x9b1 src/ASF/sam/drivers/rtc/rtc.o
 .debug_macro   0x000147ec       0x6a src/ASF/sam/drivers/rtc/rtc.o
 .debug_macro   0x00014856       0x88 src/ASF/sam/drivers/rtc/rtc.o
 .debug_macro   0x000148de       0x58 src/ASF/sam/drivers/rtc/rtc.o
 .debug_macro   0x00014936       0xe2 src/ASF/sam/drivers/rtc/rtc.o
 .debug_macro   0x00014a18       0x16 src/ASF/sam/drivers/rtc/rtc.o
 .debug_macro   0x00014a2e       0xe2 src/ASF/sam/drivers/rtc/rtc.o
 .debug_macro   0x00014b10       0x4c src/ASF/sam/drivers/rtc/rtc.o
 .debug_macro   0x00014b5c       0x16 src/ASF/sam/drivers/rtc/rtc.o
 .debug_macro   0x00014b72       0x4c src/ASF/sam/drivers/rtc/rtc.o
 .debug_macro   0x00014bbe       0x2e src/ASF/sam/drivers/rtc/rtc.o
 .debug_macro   0x00014bec      0x1b5 src/ASF/sam/drivers/rtc/rtc.o
 .debug_macro   0x00014da1      0x1b5 src/ASF/sam/drivers/rtc/rtc.o
 .debug_macro   0x00014f56      0x1b5 src/ASF/sam/drivers/rtc/rtc.o
 .debug_macro   0x0001510b      0x1b5 src/ASF/sam/drivers/rtc/rtc.o
 .debug_macro   0x000152c0      0x1b5 src/ASF/sam/drivers/rtc/rtc.o
 .debug_macro   0x00015475       0x1c src/ASF/sam/drivers/rtc/rtc.o
 .debug_macro   0x00015491       0x2e src/ASF/sam/drivers/rtc/rtc.o
 .debug_macro   0x000154bf       0x22 src/ASF/sam/drivers/rtc/rtc.o
 .debug_macro   0x000154e1       0x1c src/ASF/sam/drivers/rtc/rtc.o
 .debug_macro   0x000154fd       0x52 src/ASF/sam/drivers/rtc/rtc.o
 .debug_macro   0x0001554f       0x10 src/ASF/sam/drivers/rtc/rtc.o
 .debug_macro   0x0001555f       0x1c src/ASF/sam/drivers/rtc/rtc.o
 .debug_macro   0x0001557b       0x4c src/ASF/sam/drivers/rtc/rtc.o
 .debug_macro   0x000155c7       0x4c src/ASF/sam/drivers/rtc/rtc.o
 .debug_macro   0x00015613       0x4c src/ASF/sam/drivers/rtc/rtc.o
 .debug_macro   0x0001565f      0x31b src/ASF/sam/drivers/rtc/rtc.o
 .debug_macro   0x0001597a     0x1022 src/ASF/sam/drivers/rtc/rtc.o
 .debug_macro   0x0001699c      0x107 src/ASF/sam/drivers/rtc/rtc.o
 .debug_macro   0x00016aa3       0x58 src/ASF/sam/drivers/rtc/rtc.o
 .debug_macro   0x00016afb       0x35 src/ASF/sam/drivers/rtc/rtc.o
 .debug_macro   0x00016b30       0x9c src/ASF/sam/drivers/rtc/rtc.o
 .debug_macro   0x00016bcc       0x16 src/ASF/sam/drivers/rtc/rtc.o
 .debug_macro   0x00016be2       0x35 src/ASF/sam/drivers/rtc/rtc.o
 .debug_macro   0x00016c17      0x353 src/ASF/sam/drivers/rtc/rtc.o
 .debug_macro   0x00016f6a       0x10 src/ASF/sam/drivers/rtc/rtc.o
 .debug_macro   0x00016f7a       0x58 src/ASF/sam/drivers/rtc/rtc.o
 .debug_macro   0x00016fd2       0x1f src/ASF/sam/drivers/rtc/rtc.o
 .debug_macro   0x00016ff1       0x43 src/ASF/sam/drivers/rtc/rtc.o
 .debug_macro   0x00017034       0x20 src/ASF/sam/drivers/rtc/rtc.o
 .debug_macro   0x00017054      0x187 src/ASF/sam/drivers/rtc/rtc.o
 .debug_macro   0x000171db       0x10 src/ASF/sam/drivers/rtc/rtc.o
 .debug_macro   0x000171eb       0x1c src/ASF/sam/drivers/rtc/rtc.o
 .debug_macro   0x00017207       0x52 src/ASF/sam/drivers/rtc/rtc.o
 .debug_macro   0x00017259       0x40 src/ASF/sam/drivers/rtc/rtc.o
 .debug_macro   0x00017299       0x10 src/ASF/sam/drivers/rtc/rtc.o
 .debug_macro   0x000172a9       0x40 src/ASF/sam/drivers/rtc/rtc.o
 .debug_macro   0x000172e9       0xd7 src/ASF/sam/drivers/rtc/rtc.o
 .debug_macro   0x000173c0       0x16 src/ASF/sam/drivers/rtc/rtc.o
 .debug_macro   0x000173d6      0x18b src/ASF/sam/drivers/rtc/rtc.o
 .debug_macro   0x00017561       0x22 src/ASF/sam/drivers/rtc/rtc.o
 .debug_macro   0x00017583       0x16 src/ASF/sam/drivers/rtc/rtc.o
 .debug_macro   0x00017599       0x16 src/ASF/sam/drivers/rtc/rtc.o
 .debug_macro   0x000175af       0x29 src/ASF/sam/drivers/rtc/rtc.o
 .debug_macro   0x000175d8       0x75 src/ASF/sam/drivers/rtc/rtc.o
 .debug_macro   0x0001764d       0x3f src/ASF/sam/drivers/rtc/rtc.o
 .debug_macro   0x0001768c      0x3ca src/ASF/sam/drivers/rtc/rtc.o
 .debug_macro   0x00017a56      0x660 src/ASF/sam/drivers/rtt/rtt.o
 .debug_macro   0x000180b6      0x6d9 src/ASF/sam/drivers/spi/spi.o
 .debug_macro   0x0001878f       0x10 src/ASF/sam/drivers/spi/spi.o
 .debug_macro   0x0001879f       0x3a src/ASF/sam/drivers/spi/spi.o
 .debug_macro   0x000187d9      0x2c6 src/ASF/sam/drivers/spi/spi.o
 .debug_macro   0x00018a9f      0xa96 src/ASF/sam/drivers/spi/spi.o
 .debug_macro   0x00019535       0x70 src/ASF/sam/drivers/spi/spi.o
 .debug_macro   0x000195a5       0x64 src/ASF/sam/drivers/spi/spi.o
 .debug_macro   0x00019609       0x5f src/ASF/sam/drivers/spi/spi.o
 .debug_macro   0x00019668       0xac src/ASF/sam/drivers/spi/spi.o
 .debug_macro   0x00019714      0x7e6 src/oled/gfx_mono_framebuffer.o
 .debug_macro   0x00019efa       0x50 src/oled/gfx_mono_framebuffer.o
 .debug_macro   0x00019f4a       0x22 src/oled/gfx_mono_framebuffer.o
 .debug_macro   0x00019f6c       0x7b src/oled/gfx_mono_framebuffer.o
 .debug_macro   0x00019fe7       0x28 src/oled/gfx_mono_framebuffer.o
 .debug_macro   0x0001a00f       0x23 src/oled/gfx_mono_framebuffer.o
 .debug_macro   0x0001a032       0x94 src/oled/gfx_mono_framebuffer.o
 .debug_macro   0x0001a0c6       0x40 src/oled/gfx_mono_framebuffer.o
 .debug_macro   0x0001a106       0x88 src/oled/gfx_mono_framebuffer.o
 .debug_macro   0x0001a18e      0x1ce src/oled/gfx_mono_framebuffer.o
 .debug_macro   0x0001a35c       0x34 src/oled/gfx_mono_framebuffer.o
 .debug_macro   0x0001a390       0x16 src/oled/gfx_mono_framebuffer.o
 .debug_macro   0x0001a3a6       0x1c src/oled/gfx_mono_framebuffer.o
 .debug_macro   0x0001a3c2       0x16 src/oled/gfx_mono_framebuffer.o
 .debug_macro   0x0001a3d8       0x28 src/oled/gfx_mono_framebuffer.o
 .debug_macro   0x0001a400       0xd1 src/oled/gfx_mono_framebuffer.o
 .debug_macro   0x0001a4d1       0x8b src/oled/gfx_mono_framebuffer.o
 .debug_macro   0x0001a55c      0x7e6 src/oled/gfx_mono_generic.o
 .debug_macro   0x0001ad42      0x7ff src/oled/gfx_mono_text.o
 .debug_macro   0x0001b541      0x7ea src/oled/gfx_mono_ug_2832hsweg04.o
 .debug_macro   0x0001bd2b       0x28 src/oled/gfx_mono_ug_2832hsweg04.o
 .debug_macro   0x0001bd53      0x7c0 src/oled/ssd1306.o
 .debug_macro   0x0001c513      0x69c src/oled/sysfont.o
 .debug_macro   0x0001cbaf       0x3a src/oled/sysfont.o
 .debug_macro   0x0001cbe9      0x665 src/ASF/common/services/delay/sam/cycle_counter.o
 .debug_macro   0x0001d24e       0x22 src/ASF/common/services/delay/sam/cycle_counter.o
 .debug_macro   0x0001d270      0x6d1 src/ASF/common/services/clock/same70/sysclk.o
 .debug_macro   0x0001d941      0x2c0 src/ASF/common/services/clock/same70/sysclk.o
 .debug_macro   0x0001dc01      0x655 src/ASF/common/utils/interrupt/interrupt_sam_nvic.o
 .debug_macro   0x0001e256      0x70b src/ASF/sam/boards/same70_xplained/init.o
 .debug_macro   0x0001e961       0x82 src/ASF/sam/boards/same70_xplained/init.o
 .debug_macro   0x0001e9e3      0x66b src/ASF/sam/drivers/pio/pio.o
 .debug_macro   0x0001f04e       0x8e src/ASF/sam/drivers/pio/pio.o
 .debug_macro   0x0001f0dc      0x676 src/ASF/sam/drivers/pio/pio_handler.o
 .debug_macro   0x0001f752      0x66b src/ASF/sam/drivers/pmc/pmc.o
 .debug_macro   0x0001fdbd       0x6a src/ASF/sam/drivers/pmc/pmc.o
 .debug_macro   0x0001fe27      0x684 src/ASF/sam/drivers/pmc/sleep.o
 .debug_macro   0x000204ab      0x664 src/ASF/sam/utils/cmsis/same70/source/templates/gcc/startup_same70.o
 .debug_macro   0x00020b0f       0x10 src/ASF/sam/utils/cmsis/same70/source/templates/gcc/startup_same70.o
 .debug_macro   0x00020b1f      0x455 src/ASF/sam/utils/cmsis/same70/source/templates/system_same70.o
 .debug_macro   0x00020f74      0x8b5 src/main.o

.debug_line     0x00000000     0xffe7
 .debug_line    0x00000000      0xbf4 src/ASF/sam/drivers/rtc/rtc.o
 .debug_line    0x00000bf4      0xa7b src/ASF/sam/drivers/rtt/rtt.o
 .debug_line    0x0000166f      0xc9d src/ASF/sam/drivers/spi/spi.o
 .debug_line    0x0000230c      0xe96 src/oled/gfx_mono_framebuffer.o
 .debug_line    0x000031a2      0xf5b src/oled/gfx_mono_generic.o
 .debug_line    0x000040fd      0xeb9 src/oled/gfx_mono_text.o
 .debug_line    0x00004fb6      0xf43 src/oled/gfx_mono_ug_2832hsweg04.o
 .debug_line    0x00005ef9     0x1002 src/oled/ssd1306.o
 .debug_line    0x00006efb      0xa1b src/oled/sysfont.o
 .debug_line    0x00007916      0x9ed src/ASF/common/services/delay/sam/cycle_counter.o
 .debug_line    0x00008303      0xc67 src/ASF/common/services/clock/same70/sysclk.o
 .debug_line    0x00008f6a      0xa09 src/ASF/common/utils/interrupt/interrupt_sam_nvic.o
 .debug_line    0x00009973      0xd63 src/ASF/sam/boards/same70_xplained/init.o
 .debug_line    0x0000a6d6      0xe17 src/ASF/sam/drivers/pio/pio.o
 .debug_line    0x0000b4ed      0xb18 src/ASF/sam/drivers/pio/pio_handler.o
 .debug_line    0x0000c005     0x10dc src/ASF/sam/drivers/pmc/pmc.o
 .debug_line    0x0000d0e1      0xb5d src/ASF/sam/drivers/pmc/sleep.o
 .debug_line    0x0000dc3e      0xac0 src/ASF/sam/utils/cmsis/same70/source/templates/gcc/startup_same70.o
 .debug_line    0x0000e6fe      0x820 src/ASF/sam/utils/cmsis/same70/source/templates/system_same70.o
 .debug_line    0x0000ef1e     0x10c9 src/main.o

.debug_str      0x00000000    0x8ffc3
 .debug_str     0x00000000    0x81b9b src/ASF/sam/drivers/rtc/rtc.o
                              0x8224a (size before relaxing)
 .debug_str     0x00081b9b      0x132 src/ASF/sam/drivers/rtt/rtt.o
                              0x8200d (size before relaxing)
 .debug_str     0x00081ccd     0x4607 src/ASF/sam/drivers/spi/spi.o
                              0x86522 (size before relaxing)
 .debug_str     0x000862d4     0x2abe src/oled/gfx_mono_framebuffer.o
                              0x88c1e (size before relaxing)
 .debug_str     0x00088d92      0x25c src/oled/gfx_mono_generic.o
                              0x88d62 (size before relaxing)
 .debug_str     0x00088fee      0x266 src/oled/gfx_mono_text.o
                              0x88d3d (size before relaxing)
 .debug_str     0x00089254      0x11c src/oled/gfx_mono_ug_2832hsweg04.o
                              0x88cfe (size before relaxing)
 .debug_str     0x00089370      0x612 src/oled/ssd1306.o
                              0x88936 (size before relaxing)
 .debug_str     0x00089982     0x3ee1 src/oled/sysfont.o
                              0x86154 (size before relaxing)
 .debug_str     0x0008d863       0x35 src/ASF/common/services/delay/sam/cycle_counter.o
                              0x82088 (size before relaxing)
 .debug_str     0x0008d898      0x454 src/ASF/common/services/clock/same70/sysclk.o
                              0x86609 (size before relaxing)
 .debug_str     0x0008dcec       0x94 src/ASF/common/utils/interrupt/interrupt_sam_nvic.o
                              0x81f58 (size before relaxing)
 .debug_str     0x0008dd80      0x4f4 src/ASF/sam/boards/same70_xplained/init.o
                              0x87096 (size before relaxing)
 .debug_str     0x0008e274      0x573 src/ASF/sam/drivers/pio/pio.o
                              0x82aae (size before relaxing)
 .debug_str     0x0008e7e7      0x437 src/ASF/sam/drivers/pio/pio_handler.o
                              0x82bd0 (size before relaxing)
 .debug_str     0x0008ec1e      0x62b src/ASF/sam/drivers/pmc/pmc.o
                              0x82c12 (size before relaxing)
 .debug_str     0x0008f249      0x165 src/ASF/sam/drivers/pmc/sleep.o
                              0x85ed1 (size before relaxing)
 .debug_str     0x0008f3ae      0x64c src/ASF/sam/utils/cmsis/same70/source/templates/gcc/startup_same70.o
                              0x82725 (size before relaxing)
 .debug_str     0x0008f9fa      0x137 src/ASF/sam/utils/cmsis/same70/source/templates/system_same70.o
                              0x72831 (size before relaxing)
 .debug_str     0x0008fb31      0x492 src/main.o
                              0x8d94b (size before relaxing)

.debug_frame    0x00000000     0x2f94
 .debug_frame   0x00000000      0x330 src/ASF/sam/drivers/rtc/rtc.o
 .debug_frame   0x00000330      0x174 src/ASF/sam/drivers/rtt/rtt.o
 .debug_frame   0x000004a4      0x2c8 src/ASF/sam/drivers/spi/spi.o
 .debug_frame   0x0000076c      0x148 src/oled/gfx_mono_framebuffer.o
 .debug_frame   0x000008b4      0x150 src/oled/gfx_mono_generic.o
 .debug_frame   0x00000a04       0xfc src/oled/gfx_mono_text.o
 .debug_frame   0x00000b00      0x1dc src/oled/gfx_mono_ug_2832hsweg04.o
 .debug_frame   0x00000cdc      0x360 src/oled/ssd1306.o
 .debug_frame   0x0000103c       0x20 src/ASF/common/services/delay/sam/cycle_counter.o
 .debug_frame   0x0000105c      0x240 src/ASF/common/services/clock/same70/sysclk.o
 .debug_frame   0x0000129c       0x58 src/ASF/common/utils/interrupt/interrupt_sam_nvic.o
 .debug_frame   0x000012f4      0x174 src/ASF/sam/boards/same70_xplained/init.o
 .debug_frame   0x00001468      0x7c0 src/ASF/sam/drivers/pio/pio.o
 .debug_frame   0x00001c28      0x1d0 src/ASF/sam/drivers/pio/pio_handler.o
 .debug_frame   0x00001df8      0xa60 src/ASF/sam/drivers/pmc/pmc.o
 .debug_frame   0x00002858       0x7c src/ASF/sam/drivers/pmc/sleep.o
 .debug_frame   0x000028d4       0xbc src/ASF/sam/utils/cmsis/same70/source/templates/gcc/startup_same70.o
 .debug_frame   0x00002990       0x78 src/ASF/sam/utils/cmsis/same70/source/templates/system_same70.o
 .debug_frame   0x00002a08      0x36c src/main.o
 .debug_frame   0x00002d74       0x2c c:/program files (x86)/atmel/studio/7.0/toolchain/arm/arm-gnu-toolchain/bin/../lib/gcc/arm-none-eabi/6.3.1/thumb/v7e-m\libgcc.a(_aeabi_uldivmod.o)
 .debug_frame   0x00002da0       0x34 c:/program files (x86)/atmel/studio/7.0/toolchain/arm/arm-gnu-toolchain/bin/../lib/gcc/arm-none-eabi/6.3.1/thumb/v7e-m\libgcc.a(_udivmoddi4.o)
 .debug_frame   0x00002dd4       0x2c c:/program files (x86)/atmel/studio/7.0/toolchain/arm/arm-gnu-toolchain/bin/../lib/gcc/arm-none-eabi/6.3.1/../../../../arm-none-eabi/lib/thumb/v7e-m\libc.a(lib_a-init.o)
 .debug_frame   0x00002e00       0x5c c:/program files (x86)/atmel/studio/7.0/toolchain/arm/arm-gnu-toolchain/bin/../lib/gcc/arm-none-eabi/6.3.1/../../../../arm-none-eabi/lib/thumb/v7e-m\libc.a(lib_a-__call_atexit.o)
 .debug_frame   0x00002e5c       0x20 c:/program files (x86)/atmel/studio/7.0/toolchain/arm/arm-gnu-toolchain/bin/../lib/gcc/arm-none-eabi/6.3.1/../../../../arm-none-eabi/lib/thumb/v7e-m\libc.a(lib_a-atexit.o)
 .debug_frame   0x00002e7c       0x34 c:/program files (x86)/atmel/studio/7.0/toolchain/arm/arm-gnu-toolchain/bin/../lib/gcc/arm-none-eabi/6.3.1/../../../../arm-none-eabi/lib/thumb/v7e-m\libc.a(lib_a-fini.o)
 .debug_frame   0x00002eb0       0xb0 c:/program files (x86)/atmel/studio/7.0/toolchain/arm/arm-gnu-toolchain/bin/../lib/gcc/arm-none-eabi/6.3.1/../../../../arm-none-eabi/lib/thumb/v7e-m\libc.a(lib_a-lock.o)
 .debug_frame   0x00002f60       0x34 c:/program files (x86)/atmel/studio/7.0/toolchain/arm/arm-gnu-toolchain/bin/../lib/gcc/arm-none-eabi/6.3.1/../../../../arm-none-eabi/lib/thumb/v7e-m\libc.a(lib_a-__atexit.o)

Cross Reference Table

Symbol                                            File
ACC_Handler                                       src/ASF/sam/utils/cmsis/same70/source/templates/gcc/startup_same70.o
AES_Handler                                       src/ASF/sam/utils/cmsis/same70/source/templates/gcc/startup_same70.o
AFEC0_Handler                                     src/ASF/sam/utils/cmsis/same70/source/templates/gcc/startup_same70.o
AFEC1_Handler                                     src/ASF/sam/utils/cmsis/same70/source/templates/gcc/startup_same70.o
BusFault_Handler                                  src/ASF/sam/utils/cmsis/same70/source/templates/gcc/startup_same70.o
DACC_Handler                                      src/ASF/sam/utils/cmsis/same70/source/templates/gcc/startup_same70.o
DebugMon_Handler                                  src/ASF/sam/utils/cmsis/same70/source/templates/gcc/startup_same70.o
Dummy_Handler                                     src/ASF/sam/utils/cmsis/same70/source/templates/gcc/startup_same70.o
EFC_Handler                                       src/ASF/sam/utils/cmsis/same70/source/templates/gcc/startup_same70.o
GMAC_Handler                                      src/ASF/sam/utils/cmsis/same70/source/templates/gcc/startup_same70.o
HSMCI_Handler                                     src/ASF/sam/utils/cmsis/same70/source/templates/gcc/startup_same70.o
HardFault_Handler                                 src/ASF/sam/utils/cmsis/same70/source/templates/gcc/startup_same70.o
ICM_Handler                                       src/ASF/sam/utils/cmsis/same70/source/templates/gcc/startup_same70.o
ISI_Handler                                       src/ASF/sam/utils/cmsis/same70/source/templates/gcc/startup_same70.o
MCAN0_Handler                                     src/ASF/sam/utils/cmsis/same70/source/templates/gcc/startup_same70.o
MCAN1_Handler                                     src/ASF/sam/utils/cmsis/same70/source/templates/gcc/startup_same70.o
MemManage_Handler                                 src/ASF/sam/utils/cmsis/same70/source/templates/gcc/startup_same70.o
NMI_Handler                                       src/ASF/sam/utils/cmsis/same70/source/templates/gcc/startup_same70.o
PIOA_Handler                                      src/ASF/sam/drivers/pio/pio_handler.o
PIOB_Handler                                      src/ASF/sam/drivers/pio/pio_handler.o
PIOC_Handler                                      src/ASF/sam/drivers/pio/pio_handler.o
PIOD_Handler                                      src/ASF/sam/drivers/pio/pio_handler.o
PIOE_Handler                                      src/ASF/sam/drivers/pio/pio_handler.o
PMC_Handler                                       src/ASF/sam/utils/cmsis/same70/source/templates/gcc/startup_same70.o
PWM0_Handler                                      src/ASF/sam/utils/cmsis/same70/source/templates/gcc/startup_same70.o
PWM1_Handler                                      src/ASF/sam/utils/cmsis/same70/source/templates/gcc/startup_same70.o
PendSV_Handler                                    src/ASF/sam/utils/cmsis/same70/source/templates/gcc/startup_same70.o
QSPI_Handler                                      src/ASF/sam/utils/cmsis/same70/source/templates/gcc/startup_same70.o
RSTC_Handler                                      src/ASF/sam/utils/cmsis/same70/source/templates/gcc/startup_same70.o
RSWDT_Handler                                     src/ASF/sam/utils/cmsis/same70/source/templates/gcc/startup_same70.o
RTC_Handler                                       src/main.o
                                                  src/ASF/sam/utils/cmsis/same70/source/templates/gcc/startup_same70.o
RTC_init                                          src/main.o
RTT_Handler                                       src/main.o
                                                  src/ASF/sam/utils/cmsis/same70/source/templates/gcc/startup_same70.o
Reset_Handler                                     src/ASF/sam/utils/cmsis/same70/source/templates/gcc/startup_same70.o
SDRAMC_Handler                                    src/ASF/sam/utils/cmsis/same70/source/templates/gcc/startup_same70.o
SPI0_Handler                                      src/ASF/sam/utils/cmsis/same70/source/templates/gcc/startup_same70.o
SPI1_Handler                                      src/ASF/sam/utils/cmsis/same70/source/templates/gcc/startup_same70.o
SSC_Handler                                       src/ASF/sam/utils/cmsis/same70/source/templates/gcc/startup_same70.o
SUPC_Handler                                      src/ASF/sam/utils/cmsis/same70/source/templates/gcc/startup_same70.o
SVC_Handler                                       src/ASF/sam/utils/cmsis/same70/source/templates/gcc/startup_same70.o
SysTick_Handler                                   src/ASF/sam/utils/cmsis/same70/source/templates/gcc/startup_same70.o
SystemCoreClock                                   src/ASF/sam/utils/cmsis/same70/source/templates/system_same70.o
SystemCoreClockUpdate                             src/ASF/sam/utils/cmsis/same70/source/templates/system_same70.o
                                                  src/ASF/common/services/clock/same70/sysclk.o
SystemInit                                        src/ASF/sam/utils/cmsis/same70/source/templates/system_same70.o
TC0_Handler                                       src/ASF/sam/utils/cmsis/same70/source/templates/gcc/startup_same70.o
TC10_Handler                                      src/ASF/sam/utils/cmsis/same70/source/templates/gcc/startup_same70.o
TC11_Handler                                      src/ASF/sam/utils/cmsis/same70/source/templates/gcc/startup_same70.o
TC1_Handler                                       src/ASF/sam/utils/cmsis/same70/source/templates/gcc/startup_same70.o
TC2_Handler                                       src/ASF/sam/utils/cmsis/same70/source/templates/gcc/startup_same70.o
TC3_Handler                                       src/ASF/sam/utils/cmsis/same70/source/templates/gcc/startup_same70.o
TC4_Handler                                       src/ASF/sam/utils/cmsis/same70/source/templates/gcc/startup_same70.o
TC5_Handler                                       src/ASF/sam/utils/cmsis/same70/source/templates/gcc/startup_same70.o
TC6_Handler                                       src/ASF/sam/utils/cmsis/same70/source/templates/gcc/startup_same70.o
TC7_Handler                                       src/ASF/sam/utils/cmsis/same70/source/templates/gcc/startup_same70.o
TC8_Handler                                       src/ASF/sam/utils/cmsis/same70/source/templates/gcc/startup_same70.o
TC9_Handler                                       src/ASF/sam/utils/cmsis/same70/source/templates/gcc/startup_same70.o
TC_init                                           src/main.o
TRNG_Handler                                      src/ASF/sam/utils/cmsis/same70/source/templates/gcc/startup_same70.o
TWIHS0_Handler                                    src/ASF/sam/utils/cmsis/same70/source/templates/gcc/startup_same70.o
TWIHS1_Handler                                    src/ASF/sam/utils/cmsis/same70/source/templates/gcc/startup_same70.o
TWIHS2_Handler                                    src/ASF/sam/utils/cmsis/same70/source/templates/gcc/startup_same70.o
UART0_Handler                                     src/ASF/sam/utils/cmsis/same70/source/templates/gcc/startup_same70.o
UART1_Handler                                     src/ASF/sam/utils/cmsis/same70/source/templates/gcc/startup_same70.o
UART2_Handler                                     src/ASF/sam/utils/cmsis/same70/source/templates/gcc/startup_same70.o
UART3_Handler                                     src/ASF/sam/utils/cmsis/same70/source/templates/gcc/startup_same70.o
UART4_Handler                                     src/ASF/sam/utils/cmsis/same70/source/templates/gcc/startup_same70.o
USART0_Handler                                    src/ASF/sam/utils/cmsis/same70/source/templates/gcc/startup_same70.o
USART1_Handler                                    src/ASF/sam/utils/cmsis/same70/source/templates/gcc/startup_same70.o
USART2_Handler                                    src/ASF/sam/utils/cmsis/same70/source/templates/gcc/startup_same70.o
USBHS_Handler                                     src/ASF/sam/utils/cmsis/same70/source/templates/gcc/startup_same70.o
UsageFault_Handler                                src/ASF/sam/utils/cmsis/same70/source/templates/gcc/startup_same70.o
WDT_Handler                                       src/ASF/sam/utils/cmsis/same70/source/templates/gcc/startup_same70.o
XDMAC_Handler                                     src/ASF/sam/utils/cmsis/same70/source/templates/gcc/startup_same70.o
_Jv_RegisterClasses                               c:/program files (x86)/atmel/studio/7.0/toolchain/arm/arm-gnu-toolchain/bin/../lib/gcc/arm-none-eabi/6.3.1/thumb/v7e-m/crtbegin.o
__aeabi_idiv0                                     c:/program files (x86)/atmel/studio/7.0/toolchain/arm/arm-gnu-toolchain/bin/../lib/gcc/arm-none-eabi/6.3.1/thumb/v7e-m\libgcc.a(_dvmd_tls.o)
__aeabi_ldiv0                                     c:/program files (x86)/atmel/studio/7.0/toolchain/arm/arm-gnu-toolchain/bin/../lib/gcc/arm-none-eabi/6.3.1/thumb/v7e-m\libgcc.a(_dvmd_tls.o)
                                                  c:/program files (x86)/atmel/studio/7.0/toolchain/arm/arm-gnu-toolchain/bin/../lib/gcc/arm-none-eabi/6.3.1/thumb/v7e-m\libgcc.a(_aeabi_uldivmod.o)
__aeabi_uldivmod                                  c:/program files (x86)/atmel/studio/7.0/toolchain/arm/arm-gnu-toolchain/bin/../lib/gcc/arm-none-eabi/6.3.1/thumb/v7e-m\libgcc.a(_aeabi_uldivmod.o)
                                                  src/main.o
                                                  src/oled/ssd1306.o
__atexit_recursive_mutex                          c:/program files (x86)/atmel/studio/7.0/toolchain/arm/arm-gnu-toolchain/bin/../lib/gcc/arm-none-eabi/6.3.1/../../../../arm-none-eabi/lib/thumb/v7e-m\libc.a(lib_a-__call_atexit.o)
                                                  c:/program files (x86)/atmel/studio/7.0/toolchain/arm/arm-gnu-toolchain/bin/../lib/gcc/arm-none-eabi/6.3.1/../../../../arm-none-eabi/lib/thumb/v7e-m\libc.a(lib_a-__atexit.o)
__bss_end__                                       c:/program files (x86)/atmel/studio/7.0/toolchain/arm/arm-gnu-toolchain/bin/../lib/gcc/arm-none-eabi/6.3.1/../../../../arm-none-eabi/lib/thumb/v7e-m/crt0.o
__bss_start__                                     c:/program files (x86)/atmel/studio/7.0/toolchain/arm/arm-gnu-toolchain/bin/../lib/gcc/arm-none-eabi/6.3.1/../../../../arm-none-eabi/lib/thumb/v7e-m/crt0.o
__call_exitprocs                                  c:/program files (x86)/atmel/studio/7.0/toolchain/arm/arm-gnu-toolchain/bin/../lib/gcc/arm-none-eabi/6.3.1/../../../../arm-none-eabi/lib/thumb/v7e-m\libc.a(lib_a-__call_atexit.o)
                                                  c:/program files (x86)/atmel/studio/7.0/toolchain/arm/arm-gnu-toolchain/bin/../lib/gcc/arm-none-eabi/6.3.1/../../../../arm-none-eabi/lib/thumb/v7e-m\libc.a(lib_a-exit.o)
__deregister_frame_info                           c:/program files (x86)/atmel/studio/7.0/toolchain/arm/arm-gnu-toolchain/bin/../lib/gcc/arm-none-eabi/6.3.1/thumb/v7e-m/crtbegin.o
__dso_handle                                      c:/program files (x86)/atmel/studio/7.0/toolchain/arm/arm-gnu-toolchain/bin/../lib/gcc/arm-none-eabi/6.3.1/thumb/v7e-m/crtbegin.o
__fini_array_end                                  c:/program files (x86)/atmel/studio/7.0/toolchain/arm/arm-gnu-toolchain/bin/../lib/gcc/arm-none-eabi/6.3.1/../../../../arm-none-eabi/lib/thumb/v7e-m\libc.a(lib_a-fini.o)
__fini_array_start                                c:/program files (x86)/atmel/studio/7.0/toolchain/arm/arm-gnu-toolchain/bin/../lib/gcc/arm-none-eabi/6.3.1/../../../../arm-none-eabi/lib/thumb/v7e-m\libc.a(lib_a-fini.o)
__init_array_end                                  c:/program files (x86)/atmel/studio/7.0/toolchain/arm/arm-gnu-toolchain/bin/../lib/gcc/arm-none-eabi/6.3.1/../../../../arm-none-eabi/lib/thumb/v7e-m\libc.a(lib_a-init.o)
__init_array_start                                c:/program files (x86)/atmel/studio/7.0/toolchain/arm/arm-gnu-toolchain/bin/../lib/gcc/arm-none-eabi/6.3.1/../../../../arm-none-eabi/lib/thumb/v7e-m\libc.a(lib_a-init.o)
__libc_fini                                       c:/program files (x86)/atmel/studio/7.0/toolchain/arm/arm-gnu-toolchain/bin/../lib/gcc/arm-none-eabi/6.3.1/../../../../arm-none-eabi/lib/thumb/v7e-m\libc.a(lib_a-__call_atexit.o)
__libc_fini_array                                 c:/program files (x86)/atmel/studio/7.0/toolchain/arm/arm-gnu-toolchain/bin/../lib/gcc/arm-none-eabi/6.3.1/../../../../arm-none-eabi/lib/thumb/v7e-m\libc.a(lib_a-fini.o)
                                                  c:/program files (x86)/atmel/studio/7.0/toolchain/arm/arm-gnu-toolchain/bin/../lib/gcc/arm-none-eabi/6.3.1/../../../../arm-none-eabi/lib/thumb/v7e-m\libc.a(lib_a-__call_atexit.o)
                                                  c:/program files (x86)/atmel/studio/7.0/toolchain/arm/arm-gnu-toolchain/bin/../lib/gcc/arm-none-eabi/6.3.1/../../../../arm-none-eabi/lib/thumb/v7e-m/crt0.o
__libc_init_array                                 c:/program files (x86)/atmel/studio/7.0/toolchain/arm/arm-gnu-toolchain/bin/../lib/gcc/arm-none-eabi/6.3.1/../../../../arm-none-eabi/lib/thumb/v7e-m\libc.a(lib_a-init.o)
                                                  src/ASF/sam/utils/cmsis/same70/source/templates/gcc/startup_same70.o
                                                  c:/program files (x86)/atmel/studio/7.0/toolchain/arm/arm-gnu-toolchain/bin/../lib/gcc/arm-none-eabi/6.3.1/../../../../arm-none-eabi/lib/thumb/v7e-m/crt0.o
__lock___arc4random_mutex                         c:/program files (x86)/atmel/studio/7.0/toolchain/arm/arm-gnu-toolchain/bin/../lib/gcc/arm-none-eabi/6.3.1/../../../../arm-none-eabi/lib/thumb/v7e-m\libc.a(lib_a-lock.o)
__lock___at_quick_exit_mutex                      c:/program files (x86)/atmel/studio/7.0/toolchain/arm/arm-gnu-toolchain/bin/../lib/gcc/arm-none-eabi/6.3.1/../../../../arm-none-eabi/lib/thumb/v7e-m\libc.a(lib_a-lock.o)
__lock___atexit_recursive_mutex                   c:/program files (x86)/atmel/studio/7.0/toolchain/arm/arm-gnu-toolchain/bin/../lib/gcc/arm-none-eabi/6.3.1/../../../../arm-none-eabi/lib/thumb/v7e-m\libc.a(lib_a-lock.o)
                                                  c:/program files (x86)/atmel/studio/7.0/toolchain/arm/arm-gnu-toolchain/bin/../lib/gcc/arm-none-eabi/6.3.1/../../../../arm-none-eabi/lib/thumb/v7e-m\libc.a(lib_a-__call_atexit.o)
__lock___dd_hash_mutex                            c:/program files (x86)/atmel/studio/7.0/toolchain/arm/arm-gnu-toolchain/bin/../lib/gcc/arm-none-eabi/6.3.1/../../../../arm-none-eabi/lib/thumb/v7e-m\libc.a(lib_a-lock.o)
__lock___env_recursive_mutex                      c:/program files (x86)/atmel/studio/7.0/toolchain/arm/arm-gnu-toolchain/bin/../lib/gcc/arm-none-eabi/6.3.1/../../../../arm-none-eabi/lib/thumb/v7e-m\libc.a(lib_a-lock.o)
__lock___malloc_recursive_mutex                   c:/program files (x86)/atmel/studio/7.0/toolchain/arm/arm-gnu-toolchain/bin/../lib/gcc/arm-none-eabi/6.3.1/../../../../arm-none-eabi/lib/thumb/v7e-m\libc.a(lib_a-lock.o)
__lock___sfp_recursive_mutex                      c:/program files (x86)/atmel/studio/7.0/toolchain/arm/arm-gnu-toolchain/bin/../lib/gcc/arm-none-eabi/6.3.1/../../../../arm-none-eabi/lib/thumb/v7e-m\libc.a(lib_a-lock.o)
__lock___sinit_recursive_mutex                    c:/program files (x86)/atmel/studio/7.0/toolchain/arm/arm-gnu-toolchain/bin/../lib/gcc/arm-none-eabi/6.3.1/../../../../arm-none-eabi/lib/thumb/v7e-m\libc.a(lib_a-lock.o)
__lock___tz_mutex                                 c:/program files (x86)/atmel/studio/7.0/toolchain/arm/arm-gnu-toolchain/bin/../lib/gcc/arm-none-eabi/6.3.1/../../../../arm-none-eabi/lib/thumb/v7e-m\libc.a(lib_a-lock.o)
__preinit_array_end                               c:/program files (x86)/atmel/studio/7.0/toolchain/arm/arm-gnu-toolchain/bin/../lib/gcc/arm-none-eabi/6.3.1/../../../../arm-none-eabi/lib/thumb/v7e-m\libc.a(lib_a-init.o)
__preinit_array_start                             c:/program files (x86)/atmel/studio/7.0/toolchain/arm/arm-gnu-toolchain/bin/../lib/gcc/arm-none-eabi/6.3.1/../../../../arm-none-eabi/lib/thumb/v7e-m\libc.a(lib_a-init.o)
__ram_end__                                       src/ASF/sam/utils/syscalls/gcc/syscalls.o
__register_exitproc                               c:/program files (x86)/atmel/studio/7.0/toolchain/arm/arm-gnu-toolchain/bin/../lib/gcc/arm-none-eabi/6.3.1/../../../../arm-none-eabi/lib/thumb/v7e-m\libc.a(lib_a-__atexit.o)
                                                  c:/program files (x86)/atmel/studio/7.0/toolchain/arm/arm-gnu-toolchain/bin/../lib/gcc/arm-none-eabi/6.3.1/../../../../arm-none-eabi/lib/thumb/v7e-m\libc.a(lib_a-atexit.o)
__register_frame_info                             c:/program files (x86)/atmel/studio/7.0/toolchain/arm/arm-gnu-toolchain/bin/../lib/gcc/arm-none-eabi/6.3.1/thumb/v7e-m/crtbegin.o
__retarget_lock_acquire                           c:/program files (x86)/atmel/studio/7.0/toolchain/arm/arm-gnu-toolchain/bin/../lib/gcc/arm-none-eabi/6.3.1/../../../../arm-none-eabi/lib/thumb/v7e-m\libc.a(lib_a-lock.o)
__retarget_lock_acquire_recursive                 c:/program files (x86)/atmel/studio/7.0/toolchain/arm/arm-gnu-toolchain/bin/../lib/gcc/arm-none-eabi/6.3.1/../../../../arm-none-eabi/lib/thumb/v7e-m\libc.a(lib_a-lock.o)
                                                  c:/program files (x86)/atmel/studio/7.0/toolchain/arm/arm-gnu-toolchain/bin/../lib/gcc/arm-none-eabi/6.3.1/../../../../arm-none-eabi/lib/thumb/v7e-m\libc.a(lib_a-__atexit.o)
                                                  c:/program files (x86)/atmel/studio/7.0/toolchain/arm/arm-gnu-toolchain/bin/../lib/gcc/arm-none-eabi/6.3.1/../../../../arm-none-eabi/lib/thumb/v7e-m\libc.a(lib_a-__call_atexit.o)
__retarget_lock_close                             c:/program files (x86)/atmel/studio/7.0/toolchain/arm/arm-gnu-toolchain/bin/../lib/gcc/arm-none-eabi/6.3.1/../../../../arm-none-eabi/lib/thumb/v7e-m\libc.a(lib_a-lock.o)
__retarget_lock_close_recursive                   c:/program files (x86)/atmel/studio/7.0/toolchain/arm/arm-gnu-toolchain/bin/../lib/gcc/arm-none-eabi/6.3.1/../../../../arm-none-eabi/lib/thumb/v7e-m\libc.a(lib_a-lock.o)
__retarget_lock_init                              c:/program files (x86)/atmel/studio/7.0/toolchain/arm/arm-gnu-toolchain/bin/../lib/gcc/arm-none-eabi/6.3.1/../../../../arm-none-eabi/lib/thumb/v7e-m\libc.a(lib_a-lock.o)
__retarget_lock_init_recursive                    c:/program files (x86)/atmel/studio/7.0/toolchain/arm/arm-gnu-toolchain/bin/../lib/gcc/arm-none-eabi/6.3.1/../../../../arm-none-eabi/lib/thumb/v7e-m\libc.a(lib_a-lock.o)
__retarget_lock_release                           c:/program files (x86)/atmel/studio/7.0/toolchain/arm/arm-gnu-toolchain/bin/../lib/gcc/arm-none-eabi/6.3.1/../../../../arm-none-eabi/lib/thumb/v7e-m\libc.a(lib_a-lock.o)
__retarget_lock_release_recursive                 c:/program files (x86)/atmel/studio/7.0/toolchain/arm/arm-gnu-toolchain/bin/../lib/gcc/arm-none-eabi/6.3.1/../../../../arm-none-eabi/lib/thumb/v7e-m\libc.a(lib_a-lock.o)
                                                  c:/program files (x86)/atmel/studio/7.0/toolchain/arm/arm-gnu-toolchain/bin/../lib/gcc/arm-none-eabi/6.3.1/../../../../arm-none-eabi/lib/thumb/v7e-m\libc.a(lib_a-__atexit.o)
                                                  c:/program files (x86)/atmel/studio/7.0/toolchain/arm/arm-gnu-toolchain/bin/../lib/gcc/arm-none-eabi/6.3.1/../../../../arm-none-eabi/lib/thumb/v7e-m\libc.a(lib_a-__call_atexit.o)
__retarget_lock_try_acquire                       c:/program files (x86)/atmel/studio/7.0/toolchain/arm/arm-gnu-toolchain/bin/../lib/gcc/arm-none-eabi/6.3.1/../../../../arm-none-eabi/lib/thumb/v7e-m\libc.a(lib_a-lock.o)
__retarget_lock_try_acquire_recursive             c:/program files (x86)/atmel/studio/7.0/toolchain/arm/arm-gnu-toolchain/bin/../lib/gcc/arm-none-eabi/6.3.1/../../../../arm-none-eabi/lib/thumb/v7e-m\libc.a(lib_a-lock.o)
__stack                                           c:/program files (x86)/atmel/studio/7.0/toolchain/arm/arm-gnu-toolchain/bin/../lib/gcc/arm-none-eabi/6.3.1/../../../../arm-none-eabi/lib/thumb/v7e-m/crt0.o
__udivmoddi4                                      c:/program files (x86)/atmel/studio/7.0/toolchain/arm/arm-gnu-toolchain/bin/../lib/gcc/arm-none-eabi/6.3.1/thumb/v7e-m\libgcc.a(_udivmoddi4.o)
                                                  c:/program files (x86)/atmel/studio/7.0/toolchain/arm/arm-gnu-toolchain/bin/../lib/gcc/arm-none-eabi/6.3.1/thumb/v7e-m\libgcc.a(_aeabi_uldivmod.o)
_close                                            src/ASF/sam/utils/syscalls/gcc/syscalls.o
_end                                              src/ASF/sam/utils/syscalls/gcc/syscalls.o
_erelocate                                        src/ASF/sam/utils/cmsis/same70/source/templates/gcc/startup_same70.o
_estack                                           src/ASF/sam/utils/cmsis/same70/source/templates/gcc/startup_same70.o
_etext                                            src/ASF/sam/utils/cmsis/same70/source/templates/gcc/startup_same70.o
_exit                                             src/ASF/sam/utils/syscalls/gcc/syscalls.o
                                                  c:/program files (x86)/atmel/studio/7.0/toolchain/arm/arm-gnu-toolchain/bin/../lib/gcc/arm-none-eabi/6.3.1/../../../../arm-none-eabi/lib/thumb/v7e-m\libc.a(lib_a-exit.o)
_ezero                                            src/ASF/sam/utils/cmsis/same70/source/templates/gcc/startup_same70.o
_fini                                             c:/program files (x86)/atmel/studio/7.0/toolchain/arm/arm-gnu-toolchain/bin/../lib/gcc/arm-none-eabi/6.3.1/thumb/v7e-m/crti.o
                                                  c:/program files (x86)/atmel/studio/7.0/toolchain/arm/arm-gnu-toolchain/bin/../lib/gcc/arm-none-eabi/6.3.1/../../../../arm-none-eabi/lib/thumb/v7e-m\libc.a(lib_a-fini.o)
_fstat                                            src/ASF/sam/utils/syscalls/gcc/syscalls.o